<html>
<body>
<pre>
<h1>µVision Build Log</h1>
<h2>Project:</h2>
C:\Users\rchand11\Downloads\rtx_project\rtx_project\keil\rtx.uvproj
Project File Date:  03/20/2014

<h2>Output:</h2>
Build target 'Project'
compiling system_stm32f4xx.c...
compiling RTX_Conf_CM.c...
compiling main.c...
compiling atan_LUT.c...
compiling fputc_debug.c...
compiling lis3dsh.c...
..\lis3dsh.c(316): warning:  #1035-D: single-precision operand implicitly converted to double-precision
..\lis3dsh.c(326): warning:  #1035-D: single-precision operand implicitly converted to double-precision
..\lis3dsh.c(336): warning:  #1035-D: single-precision operand implicitly converted to double-precision
..\lis3dsh.c(346): warning:  #1035-D: single-precision operand implicitly converted to double-precision
..\lis3dsh.c(356): warning:  #1035-D: single-precision operand implicitly converted to double-precision
compiling t2_adc.c...
..\t2_adc.c(107): warning:  #1035-D: single-precision operand implicitly converted to double-precision
compiling t2_display.c...
compiling t2_filtering.c...
compiling t2_gpio.c...
compiling t2_mems.c...
compiling t2_pwm.c...
compiling t2_servo.c...
compiling t2_button.c...
compiling t2_lcd.c...
compiling misc.c...
compiling stm32f4xx_adc.c...
compiling stm32f4xx_can.c...
compiling stm32f4xx_crc.c...
compiling stm32f4xx_cryp.c...
compiling stm32f4xx_cryp_aes.c...
compiling stm32f4xx_cryp_des.c...
compiling stm32f4xx_cryp_tdes.c...
compiling stm32f4xx_dac.c...
compiling stm32f4xx_dbgmcu.c...
compiling stm32f4xx_dcmi.c...
compiling stm32f4xx_dma.c...
compiling stm32f4xx_exti.c...
compiling stm32f4xx_flash.c...
compiling stm32f4xx_fsmc.c...
compiling stm32f4xx_gpio.c...
compiling stm32f4xx_hash.c...
compiling stm32f4xx_hash_md5.c...
compiling stm32f4xx_hash_sha1.c...
compiling stm32f4xx_i2c.c...
compiling stm32f4xx_iwdg.c...
compiling stm32f4xx_pwr.c...
compiling stm32f4xx_rcc.c...
compiling stm32f4xx_rng.c...
compiling stm32f4xx_rtc.c...
compiling stm32f4xx_sdio.c...
compiling stm32f4xx_spi.c...
compiling stm32f4xx_syscfg.c...
compiling stm32f4xx_tim.c...
compiling stm32f4xx_usart.c...
compiling stm32f4xx_wwdg.c...
linking...
Program Size: Code=19840 RO-data=996 RW-data=160 ZI-data=8320  
FromELF: creating hex file...
".\obj\output.axf" - 0 Error(s), 6 Warning(s).
Load "C:\\Users\\rchand11\\Downloads\\rtx_project\\rtx_project\\keil\\obj\\output.axf" 
Erase Done.
Programming Done.
Verify OK.
Build target 'Project'
compiling t2_lcd.c...
..\t2_lcd.c(65): warning:  #223-D: function "osDelay" declared implicitly
linking...
Program Size: Code=19848 RO-data=996 RW-data=160 ZI-data=8320  
FromELF: creating hex file...
".\obj\output.axf" - 0 Error(s), 1 Warning(s).
Build target 'Project'
linking...
Program Size: Code=19848 RO-data=996 RW-data=160 ZI-data=8320  
FromELF: creating hex file...
".\obj\output.axf" - 0 Error(s), 0 Warning(s).
Load "C:\\Users\\rchand11\\Downloads\\rtx_project\\rtx_project\\keil\\obj\\output.axf" 
Erase Done.
Programming Done.
Verify OK.
Build target 'Project'
compiling t2_lcd.c...
..\t2_lcd.c(65): warning:  #223-D: function "osDelay" declared implicitly
linking...
Program Size: Code=19848 RO-data=996 RW-data=160 ZI-data=8320  
FromELF: creating hex file...
".\obj\output.axf" - 0 Error(s), 1 Warning(s).
Build target 'Project'
compiling t2_lcd.c...
linking...
Program Size: Code=19848 RO-data=996 RW-data=160 ZI-data=8320  
FromELF: creating hex file...
".\obj\output.axf" - 0 Error(s), 0 Warning(s).
Load "C:\\Users\\rchand11\\Downloads\\rtx_project\\rtx_project\\keil\\obj\\output.axf" 
Erase Done.
Programming Done.
Verify OK.
Build target 'Project'
compiling t2_lcd.c...
linking...
Program Size: Code=19848 RO-data=996 RW-data=160 ZI-data=8320  
FromELF: creating hex file...
".\obj\output.axf" - 0 Error(s), 0 Warning(s).
Load "C:\\Users\\rchand11\\Downloads\\rtx_project\\rtx_project\\keil\\obj\\output.axf" 
Erase Done.
Programming Done.
Verify OK.
Build target 'Project'
compiling t2_lcd.c...
linking...
Program Size: Code=19848 RO-data=996 RW-data=160 ZI-data=8320  
FromELF: creating hex file...
".\obj\output.axf" - 0 Error(s), 0 Warning(s).
Load "C:\\Users\\rchand11\\Downloads\\rtx_project\\rtx_project\\keil\\obj\\output.axf" 
Erase Done.
Programming Done.
Verify OK.
Build target 'Project'
compiling t2_lcd.c...
linking...
Program Size: Code=19956 RO-data=996 RW-data=160 ZI-data=8320  
FromELF: creating hex file...
".\obj\output.axf" - 0 Error(s), 0 Warning(s).
Load "C:\\Users\\rchand11\\Downloads\\rtx_project\\rtx_project\\keil\\obj\\output.axf" 
Erase Done.
Programming Done.
Verify OK.
Build target 'Project'
linking...
Program Size: Code=19956 RO-data=996 RW-data=160 ZI-data=8320  
FromELF: creating hex file...
".\obj\output.axf" - 0 Error(s), 0 Warning(s).
Load "C:\\Users\\rchand11\\Downloads\\rtx_project\\rtx_project\\keil\\obj\\output.axf" 
Erase Done.
Programming Done.
Verify OK.
Build target 'Project'
compiling t2_lcd.c...
linking...
Program Size: Code=19956 RO-data=996 RW-data=160 ZI-data=8320  
FromELF: creating hex file...
".\obj\output.axf" - 0 Error(s), 0 Warning(s).
Load "C:\\Users\\rchand11\\Downloads\\rtx_project\\rtx_project\\keil\\obj\\output.axf" 
Erase Done.
Programming Done.
Verify OK.
Build target 'Project'
compiling main.c...
linking...
Program Size: Code=19960 RO-data=996 RW-data=160 ZI-data=8320  
FromELF: creating hex file...
".\obj\output.axf" - 0 Error(s), 0 Warning(s).
Load "C:\\Users\\rchand11\\Downloads\\rtx_project\\rtx_project\\keil\\obj\\output.axf" 
Erase Done.
Programming Done.
Verify OK.
Build target 'Project'
compiling main.c...
linking...
Program Size: Code=19960 RO-data=996 RW-data=160 ZI-data=8320  
FromELF: creating hex file...
".\obj\output.axf" - 0 Error(s), 0 Warning(s).
Load "C:\\Users\\rchand11\\Downloads\\rtx_project\\rtx_project\\keil\\obj\\output.axf" 
Erase Done.
Programming Done.
Verify OK.
Build target 'Project'
compiling main.c...
compiling t2_lcd.c...
linking...
Program Size: Code=19960 RO-data=996 RW-data=160 ZI-data=8320  
FromELF: creating hex file...
".\obj\output.axf" - 0 Error(s), 0 Warning(s).
Load "C:\\Users\\rchand11\\Downloads\\rtx_project\\rtx_project\\keil\\obj\\output.axf" 
Erase Done.
Programming Done.
Verify OK.
Build target 'Project'
compiling main.c...
compiling t2_lcd.c...
linking...
Program Size: Code=19960 RO-data=996 RW-data=160 ZI-data=8320  
FromELF: creating hex file...
".\obj\output.axf" - 0 Error(s), 0 Warning(s).
Load "C:\\Users\\rchand11\\Downloads\\rtx_project\\rtx_project\\keil\\obj\\output.axf" 
Erase Done.
Programming Done.
Verify OK.
Build target 'Project'
compiling t2_lcd.c...
linking...
Program Size: Code=19960 RO-data=996 RW-data=160 ZI-data=8320  
FromELF: creating hex file...
".\obj\output.axf" - 0 Error(s), 0 Warning(s).
Load "C:\\Users\\rchand11\\Downloads\\rtx_project\\rtx_project\\keil\\obj\\output.axf" 
Erase Done.
Programming Done.
Verify OK.
Build target 'Project'
compiling t2_lcd.c...
linking...
Program Size: Code=19960 RO-data=996 RW-data=160 ZI-data=8320  
FromELF: creating hex file...
".\obj\output.axf" - 0 Error(s), 0 Warning(s).
Load "C:\\Users\\rchand11\\Downloads\\rtx_project\\rtx_project\\keil\\obj\\output.axf" 
Erase Done.
Programming Done.
Verify OK.
Build target 'Project'
compiling t2_lcd.c...
linking...
Program Size: Code=19960 RO-data=996 RW-data=160 ZI-data=8320  
FromELF: creating hex file...
".\obj\output.axf" - 0 Error(s), 0 Warning(s).
Load "C:\\Users\\rchand11\\Downloads\\rtx_project\\rtx_project\\keil\\obj\\output.axf" 
Erase Done.
Programming Done.
Verify OK.
Build target 'Project'
compiling main.c...
compiling t2_lcd.c...
linking...
Program Size: Code=20060 RO-data=996 RW-data=160 ZI-data=8320  
FromELF: creating hex file...
".\obj\output.axf" - 0 Error(s), 0 Warning(s).
Load "C:\\Users\\rchand11\\Downloads\\rtx_project\\rtx_project\\keil\\obj\\output.axf" 
Erase Done.
Programming Done.
Verify OK.
Build target 'Project'
compiling main.c...
compiling t2_lcd.c...
..\t2_lcd.c(52): warning:  #188-D: enumerated type mixed with another type
..\t2_lcd.c(53): warning:  #188-D: enumerated type mixed with another type
..\t2_lcd.c(54): warning:  #188-D: enumerated type mixed with another type
..\t2_lcd.c(55): warning:  #188-D: enumerated type mixed with another type
..\t2_lcd.c(56): warning:  #188-D: enumerated type mixed with another type
..\t2_lcd.c(57): warning:  #188-D: enumerated type mixed with another type
..\t2_lcd.c(58): warning:  #188-D: enumerated type mixed with another type
..\t2_lcd.c(59): warning:  #188-D: enumerated type mixed with another type
linking...
Program Size: Code=20080 RO-data=996 RW-data=160 ZI-data=8320  
FromELF: creating hex file...
".\obj\output.axf" - 0 Error(s), 8 Warning(s).
Build target 'Project'
compiling t2_lcd.c...
..\t2_lcd.c(52): warning:  #188-D: enumerated type mixed with another type
..\t2_lcd.c(53): warning:  #188-D: enumerated type mixed with another type
..\t2_lcd.c(54): warning:  #188-D: enumerated type mixed with another type
..\t2_lcd.c(55): warning:  #188-D: enumerated type mixed with another type
..\t2_lcd.c(56): warning:  #188-D: enumerated type mixed with another type
..\t2_lcd.c(57): warning:  #188-D: enumerated type mixed with another type
..\t2_lcd.c(58): warning:  #188-D: enumerated type mixed with another type
..\t2_lcd.c(59): warning:  #188-D: enumerated type mixed with another type
linking...
Program Size: Code=20080 RO-data=996 RW-data=160 ZI-data=8320  
FromELF: creating hex file...
".\obj\output.axf" - 0 Error(s), 8 Warning(s).
Load "C:\\Users\\rchand11\\Downloads\\rtx_project\\rtx_project\\keil\\obj\\output.axf" 
Erase Done.
Programming Done.
Verify OK.
Build target 'Project'
linking...
Program Size: Code=20080 RO-data=996 RW-data=160 ZI-data=8320  
FromELF: creating hex file...
".\obj\output.axf" - 0 Error(s), 0 Warning(s).
Load "C:\\Users\\rchand11\\Downloads\\rtx_project\\rtx_project\\keil\\obj\\output.axf" 
Erase Done.
Programming Done.
Verify OK.
Build target 'Project'
compiling main.c...
compiling t2_lcd.c...
..\t2_lcd.c(52): warning:  #188-D: enumerated type mixed with another type
..\t2_lcd.c(53): warning:  #188-D: enumerated type mixed with another type
..\t2_lcd.c(54): warning:  #188-D: enumerated type mixed with another type
..\t2_lcd.c(55): warning:  #188-D: enumerated type mixed with another type
..\t2_lcd.c(56): warning:  #188-D: enumerated type mixed with another type
..\t2_lcd.c(57): warning:  #188-D: enumerated type mixed with another type
..\t2_lcd.c(58): warning:  #188-D: enumerated type mixed with another type
..\t2_lcd.c(59): warning:  #188-D: enumerated type mixed with another type
linking...
Program Size: Code=20104 RO-data=996 RW-data=160 ZI-data=8320  
FromELF: creating hex file...
".\obj\output.axf" - 0 Error(s), 8 Warning(s).
Build target 'Project'
compiling main.c...
linking...
Program Size: Code=20120 RO-data=996 RW-data=160 ZI-data=8320  
FromELF: creating hex file...
".\obj\output.axf" - 0 Error(s), 0 Warning(s).
Build target 'Project'
linking...
Program Size: Code=20120 RO-data=996 RW-data=160 ZI-data=8320  
FromELF: creating hex file...
".\obj\output.axf" - 0 Error(s), 0 Warning(s).
Load "C:\\Users\\rchand11\\Downloads\\rtx_project\\rtx_project\\keil\\obj\\output.axf" 
Erase Done.
Programming Done.
Verify OK.
Build target 'Project'
compiling main.c...
compiling t2_lcd.c...
..\t2_lcd.c(53): warning:  #188-D: enumerated type mixed with another type
..\t2_lcd.c(54): warning:  #188-D: enumerated type mixed with another type
..\t2_lcd.c(55): warning:  #188-D: enumerated type mixed with another type
..\t2_lcd.c(56): warning:  #188-D: enumerated type mixed with another type
..\t2_lcd.c(57): warning:  #188-D: enumerated type mixed with another type
..\t2_lcd.c(58): warning:  #188-D: enumerated type mixed with another type
..\t2_lcd.c(59): warning:  #188-D: enumerated type mixed with another type
..\t2_lcd.c(60): warning:  #188-D: enumerated type mixed with another type
..\t2_lcd.c(71): warning:  #188-D: enumerated type mixed with another type
..\t2_lcd.c(72): warning:  #188-D: enumerated type mixed with another type
..\t2_lcd.c(73): warning:  #188-D: enumerated type mixed with another type
..\t2_lcd.c(74): warning:  #188-D: enumerated type mixed with another type
..\t2_lcd.c(75): warning:  #188-D: enumerated type mixed with another type
..\t2_lcd.c(76): warning:  #188-D: enumerated type mixed with another type
..\t2_lcd.c(77): warning:  #188-D: enumerated type mixed with another type
..\t2_lcd.c(78): warning:  #188-D: enumerated type mixed with another type
linking...
Program Size: Code=20032 RO-data=996 RW-data=160 ZI-data=8320  
FromELF: creating hex file...
".\obj\output.axf" - 0 Error(s), 16 Warning(s).
Build target 'Project'
compiling main.c...
linking...
Program Size: Code=20036 RO-data=996 RW-data=160 ZI-data=8320  
FromELF: creating hex file...
".\obj\output.axf" - 0 Error(s), 0 Warning(s).
Load "C:\\Users\\rchand11\\Downloads\\rtx_project\\rtx_project\\keil\\obj\\output.axf" 
Erase Done.
Programming Done.
Verify OK.
Build target 'Project'
compiling main.c...
linking...
Program Size: Code=20032 RO-data=996 RW-data=160 ZI-data=8320  
FromELF: creating hex file...
".\obj\output.axf" - 0 Error(s), 0 Warning(s).
Load "C:\\Users\\rchand11\\Downloads\\rtx_project\\rtx_project\\keil\\obj\\output.axf" 
Erase Done.
Programming Done.
Verify OK.
Build target 'Project'
compiling main.c...
compiling t2_lcd.c...
..\t2_lcd.c(21): warning:  #188-D: enumerated type mixed with another type
..\t2_lcd.c(22): warning:  #188-D: enumerated type mixed with another type
..\t2_lcd.c(23): warning:  #188-D: enumerated type mixed with another type
..\t2_lcd.c(24): warning:  #188-D: enumerated type mixed with another type
..\t2_lcd.c(25): warning:  #188-D: enumerated type mixed with another type
..\t2_lcd.c(26): warning:  #188-D: enumerated type mixed with another type
..\t2_lcd.c(27): warning:  #188-D: enumerated type mixed with another type
..\t2_lcd.c(28): warning:  #188-D: enumerated type mixed with another type
..\t2_lcd.c(39): warning:  #188-D: enumerated type mixed with another type
..\t2_lcd.c(40): warning:  #188-D: enumerated type mixed with another type
..\t2_lcd.c(41): warning:  #188-D: enumerated type mixed with another type
..\t2_lcd.c(42): warning:  #188-D: enumerated type mixed with another type
..\t2_lcd.c(43): warning:  #188-D: enumerated type mixed with another type
..\t2_lcd.c(44): warning:  #188-D: enumerated type mixed with another type
..\t2_lcd.c(45): warning:  #188-D: enumerated type mixed with another type
..\t2_lcd.c(46): warning:  #188-D: enumerated type mixed with another type
linking...
Program Size: Code=19916 RO-data=996 RW-data=160 ZI-data=8320  
FromELF: creating hex file...
".\obj\output.axf" - 0 Error(s), 16 Warning(s).
Load "C:\\Users\\rchand11\\Downloads\\rtx_project\\rtx_project\\keil\\obj\\output.axf" 
Erase Done.
Programming Done.
Verify OK.
Build target 'Project'
compiling main.c...
linking...
Program Size: Code=19952 RO-data=996 RW-data=160 ZI-data=8320  
FromELF: creating hex file...
".\obj\output.axf" - 0 Error(s), 0 Warning(s).
Load "C:\\Users\\rchand11\\Downloads\\rtx_project\\rtx_project\\keil\\obj\\output.axf" 
Erase Done.
Programming Done.
Verify OK.
Build target 'Project'
compiling main.c...
compiling t2_lcd.c...
..\t2_lcd.c(21): warning:  #188-D: enumerated type mixed with another type
..\t2_lcd.c(22): warning:  #188-D: enumerated type mixed with another type
..\t2_lcd.c(23): warning:  #188-D: enumerated type mixed with another type
..\t2_lcd.c(24): warning:  #188-D: enumerated type mixed with another type
..\t2_lcd.c(25): warning:  #188-D: enumerated type mixed with another type
..\t2_lcd.c(26): warning:  #188-D: enumerated type mixed with another type
..\t2_lcd.c(27): warning:  #188-D: enumerated type mixed with another type
..\t2_lcd.c(28): warning:  #188-D: enumerated type mixed with another type
..\t2_lcd.c(39): warning:  #188-D: enumerated type mixed with another type
..\t2_lcd.c(40): warning:  #188-D: enumerated type mixed with another type
..\t2_lcd.c(41): warning:  #188-D: enumerated type mixed with another type
..\t2_lcd.c(42): warning:  #188-D: enumerated type mixed with another type
..\t2_lcd.c(43): warning:  #188-D: enumerated type mixed with another type
..\t2_lcd.c(44): warning:  #188-D: enumerated type mixed with another type
..\t2_lcd.c(45): warning:  #188-D: enumerated type mixed with another type
..\t2_lcd.c(46): warning:  #188-D: enumerated type mixed with another type
linking...
Program Size: Code=19952 RO-data=996 RW-data=160 ZI-data=8320  
FromELF: creating hex file...
".\obj\output.axf" - 0 Error(s), 16 Warning(s).
Load "C:\\Users\\rchand11\\Downloads\\rtx_project\\rtx_project\\keil\\obj\\output.axf" 
Erase Done.
Programming Done.
Verify OK.
Build target 'Project'
compiling t2_pwm.c...
linking...
Program Size: Code=19952 RO-data=996 RW-data=160 ZI-data=8320  
FromELF: creating hex file...
".\obj\output.axf" - 0 Error(s), 0 Warning(s).
Load "C:\\Users\\rchand11\\Downloads\\rtx_project\\rtx_project\\keil\\obj\\output.axf" 
Erase Done.
Programming Done.
Verify OK.
Build target 'Project'
compiling main.c...
linking...
Program Size: Code=20168 RO-data=1012 RW-data=176 ZI-data=8320  
FromELF: creating hex file...
".\obj\output.axf" - 0 Error(s), 0 Warning(s).
Load "C:\\Users\\rchand11\\Downloads\\rtx_project\\rtx_project\\keil\\obj\\output.axf" 
Erase Done.
Programming Done.
Verify OK.
Build target 'Project'
compiling main.c...
linking...
Program Size: Code=20168 RO-data=1012 RW-data=176 ZI-data=8320  
FromELF: creating hex file...
".\obj\output.axf" - 0 Error(s), 0 Warning(s).
Load "C:\\Users\\rchand11\\Downloads\\rtx_project\\rtx_project\\keil\\obj\\output.axf" 
Erase Done.
Programming Done.
Verify OK.
Build target 'Project'
compiling main.c...
linking...
Program Size: Code=20140 RO-data=1012 RW-data=176 ZI-data=8320  
FromELF: creating hex file...
".\obj\output.axf" - 0 Error(s), 0 Warning(s).
Load "C:\\Users\\rchand11\\Downloads\\rtx_project\\rtx_project\\keil\\obj\\output.axf" 
Erase Done.
Programming Done.
Verify OK.
Build target 'Project'
compiling main.c...
linking...
Program Size: Code=20104 RO-data=1012 RW-data=176 ZI-data=8320  
FromELF: creating hex file...
".\obj\output.axf" - 0 Error(s), 0 Warning(s).
Build target 'Project'
linking...
Program Size: Code=20104 RO-data=1012 RW-data=176 ZI-data=8320  
FromELF: creating hex file...
".\obj\output.axf" - 0 Error(s), 0 Warning(s).
Load "C:\\Users\\rchand11\\Downloads\\rtx_project\\rtx_project\\keil\\obj\\output.axf" 
Erase Done.
Programming Done.
Verify OK.
Build target 'Project'
compiling main.c...
linking...
Program Size: Code=20100 RO-data=1012 RW-data=176 ZI-data=8320  
FromELF: creating hex file...
".\obj\output.axf" - 0 Error(s), 0 Warning(s).
Load "C:\\Users\\rchand11\\Downloads\\rtx_project\\rtx_project\\keil\\obj\\output.axf" 
Erase Done.
Programming Done.
Verify OK.
Build target 'Project'
compiling main.c...
linking...
Program Size: Code=20104 RO-data=1012 RW-data=176 ZI-data=8320  
FromELF: creating hex file...
".\obj\output.axf" - 0 Error(s), 0 Warning(s).
Load "C:\\Users\\rchand11\\Downloads\\rtx_project\\rtx_project\\keil\\obj\\output.axf" 
Erase Done.
Programming Done.
Verify OK.
Build target 'Project'
compiling main.c...
compiling t2_lcd.c...
..\t2_lcd.c(21): warning:  #188-D: enumerated type mixed with another type
..\t2_lcd.c(22): warning:  #188-D: enumerated type mixed with another type
..\t2_lcd.c(23): warning:  #188-D: enumerated type mixed with another type
..\t2_lcd.c(24): warning:  #188-D: enumerated type mixed with another type
..\t2_lcd.c(25): warning:  #188-D: enumerated type mixed with another type
..\t2_lcd.c(26): warning:  #188-D: enumerated type mixed with another type
..\t2_lcd.c(27): warning:  #188-D: enumerated type mixed with another type
..\t2_lcd.c(28): warning:  #188-D: enumerated type mixed with another type
..\t2_lcd.c(39): warning:  #188-D: enumerated type mixed with another type
..\t2_lcd.c(40): warning:  #188-D: enumerated type mixed with another type
..\t2_lcd.c(41): warning:  #188-D: enumerated type mixed with another type
..\t2_lcd.c(42): warning:  #188-D: enumerated type mixed with another type
..\t2_lcd.c(43): warning:  #188-D: enumerated type mixed with another type
..\t2_lcd.c(44): warning:  #188-D: enumerated type mixed with another type
..\t2_lcd.c(45): warning:  #188-D: enumerated type mixed with another type
..\t2_lcd.c(46): warning:  #188-D: enumerated type mixed with another type
linking...
Program Size: Code=20104 RO-data=1012 RW-data=176 ZI-data=8320  
FromELF: creating hex file...
".\obj\output.axf" - 0 Error(s), 16 Warning(s).
Load "C:\\Users\\rchand11\\Downloads\\rtx_project\\rtx_project\\keil\\obj\\output.axf" 
Erase Done.
Programming Done.
Verify OK.
Build target 'Project'
compiling main.c...
linking...
Program Size: Code=20096 RO-data=1012 RW-data=176 ZI-data=8320  
FromELF: creating hex file...
".\obj\output.axf" - 0 Error(s), 0 Warning(s).
Load "C:\\Users\\rchand11\\Downloads\\rtx_project\\rtx_project\\keil\\obj\\output.axf" 
Erase Done.
Programming Done.
Verify OK.
Build target 'Project'
compiling main.c...
linking...
Program Size: Code=20072 RO-data=1012 RW-data=176 ZI-data=8320  
FromELF: creating hex file...
".\obj\output.axf" - 0 Error(s), 0 Warning(s).
Load "C:\\Users\\rchand11\\Downloads\\rtx_project\\rtx_project\\keil\\obj\\output.axf" 
Erase Done.
Programming Done.
Verify OK.
Build target 'Project'
compiling main.c...
linking...
Program Size: Code=20076 RO-data=1012 RW-data=176 ZI-data=8320  
FromELF: creating hex file...
".\obj\output.axf" - 0 Error(s), 0 Warning(s).
Load "C:\\Users\\rchand11\\Downloads\\rtx_project\\rtx_project\\keil\\obj\\output.axf" 
Erase Done.
Programming Done.
Verify OK.
Build target 'Project'
compiling main.c...
linking...
Program Size: Code=20076 RO-data=996 RW-data=172 ZI-data=8324  
FromELF: creating hex file...
".\obj\output.axf" - 0 Error(s), 0 Warning(s).
Load "C:\\Users\\rchand11\\Downloads\\rtx_project\\rtx_project\\keil\\obj\\output.axf" 
Erase Done.
Programming Done.
Verify OK.
Build target 'Project'
compiling main.c...
linking...
.\obj\output.axf: Error: L6218E: Undefined symbol thread_display_update (referred from main.o).
Target not created
Build target 'Project'
compiling main.c...
linking...
Program Size: Code=20084 RO-data=1012 RW-data=176 ZI-data=8320  
FromELF: creating hex file...
".\obj\output.axf" - 0 Error(s), 0 Warning(s).
Load "C:\\Users\\rchand11\\Downloads\\rtx_project\\rtx_project\\keil\\obj\\output.axf" 
Erase Done.
Programming Done.
Verify OK.
Build target 'Project'
compiling RTX_Conf_CM.c...
compiling main.c...
../main.c(108): error:  #20: identifier "FUNCTION_SET" is undefined
Target not created
Build target 'Project'
compiling main.c...
linking...
Program Size: Code=20092 RO-data=1012 RW-data=176 ZI-data=8320  
FromELF: creating hex file...
".\obj\output.axf" - 0 Error(s), 0 Warning(s).
Load "C:\\Users\\rchand11\\Downloads\\rtx_project\\rtx_project\\keil\\obj\\output.axf" 
Erase Done.
Programming Done.
Verify OK.
Build target 'Project'
linking...
Program Size: Code=20092 RO-data=1012 RW-data=176 ZI-data=8320  
FromELF: creating hex file...
".\obj\output.axf" - 0 Error(s), 0 Warning(s).
Load "C:\\Users\\rchand11\\Downloads\\rtx_project\\rtx_project\\keil\\obj\\output.axf" 
Erase Done.
Programming Done.
Verify OK.
Build target 'Project'
compiling RTX_Conf_CM.c...
compiling main.c...
linking...
Program Size: Code=20088 RO-data=1012 RW-data=176 ZI-data=8320  
FromELF: creating hex file...
".\obj\output.axf" - 0 Error(s), 0 Warning(s).
Load "C:\\Users\\rchand11\\Downloads\\rtx_project\\rtx_project\\keil\\obj\\output.axf" 
Erase Done.
Programming Done.
Verify OK.
Build target 'Project'
compiling main.c...
linking...
Program Size: Code=20108 RO-data=1012 RW-data=176 ZI-data=8320  
FromELF: creating hex file...
".\obj\output.axf" - 0 Error(s), 0 Warning(s).
Load "C:\\Users\\rchand11\\Downloads\\rtx_project\\rtx_project\\keil\\obj\\output.axf" 
Erase Done.
Programming Done.
Verify OK.
Build target 'Project'
compiling main.c...
linking...
Program Size: Code=20108 RO-data=1012 RW-data=176 ZI-data=8320  
FromELF: creating hex file...
".\obj\output.axf" - 0 Error(s), 0 Warning(s).
Load "C:\\Users\\rchand11\\Downloads\\rtx_project\\rtx_project\\keil\\obj\\output.axf" 
Erase Done.
Programming Done.
Verify OK.
Build target 'Project'
compiling main.c...
compiling t2_lcd.c...
..\t2_lcd.c(21): warning:  #188-D: enumerated type mixed with another type
..\t2_lcd.c(22): warning:  #188-D: enumerated type mixed with another type
..\t2_lcd.c(23): warning:  #188-D: enumerated type mixed with another type
..\t2_lcd.c(24): warning:  #188-D: enumerated type mixed with another type
..\t2_lcd.c(25): warning:  #188-D: enumerated type mixed with another type
..\t2_lcd.c(26): warning:  #188-D: enumerated type mixed with another type
..\t2_lcd.c(27): warning:  #188-D: enumerated type mixed with another type
..\t2_lcd.c(28): warning:  #188-D: enumerated type mixed with another type
..\t2_lcd.c(39): warning:  #188-D: enumerated type mixed with another type
..\t2_lcd.c(40): warning:  #188-D: enumerated type mixed with another type
..\t2_lcd.c(41): warning:  #188-D: enumerated type mixed with another type
..\t2_lcd.c(42): warning:  #188-D: enumerated type mixed with another type
..\t2_lcd.c(43): warning:  #188-D: enumerated type mixed with another type
..\t2_lcd.c(44): warning:  #188-D: enumerated type mixed with another type
..\t2_lcd.c(45): warning:  #188-D: enumerated type mixed with another type
..\t2_lcd.c(46): warning:  #188-D: enumerated type mixed with another type
linking...
Program Size: Code=20112 RO-data=1012 RW-data=176 ZI-data=8320  
FromELF: creating hex file...
".\obj\output.axf" - 0 Error(s), 16 Warning(s).
Build target 'Project'
compiling t2_lcd.c...
..\t2_lcd.c(21): warning:  #188-D: enumerated type mixed with another type
..\t2_lcd.c(22): warning:  #188-D: enumerated type mixed with another type
..\t2_lcd.c(23): warning:  #188-D: enumerated type mixed with another type
..\t2_lcd.c(24): warning:  #188-D: enumerated type mixed with another type
..\t2_lcd.c(25): warning:  #188-D: enumerated type mixed with another type
..\t2_lcd.c(26): warning:  #188-D: enumerated type mixed with another type
..\t2_lcd.c(27): warning:  #188-D: enumerated type mixed with another type
..\t2_lcd.c(28): warning:  #188-D: enumerated type mixed with another type
..\t2_lcd.c(39): warning:  #188-D: enumerated type mixed with another type
..\t2_lcd.c(40): warning:  #188-D: enumerated type mixed with another type
..\t2_lcd.c(41): warning:  #188-D: enumerated type mixed with another type
..\t2_lcd.c(42): warning:  #188-D: enumerated type mixed with another type
..\t2_lcd.c(43): warning:  #188-D: enumerated type mixed with another type
..\t2_lcd.c(44): warning:  #188-D: enumerated type mixed with another type
..\t2_lcd.c(45): warning:  #188-D: enumerated type mixed with another type
..\t2_lcd.c(46): warning:  #188-D: enumerated type mixed with another type
linking...
Program Size: Code=20112 RO-data=1012 RW-data=176 ZI-data=8320  
FromELF: creating hex file...
".\obj\output.axf" - 0 Error(s), 16 Warning(s).
Load "C:\\Users\\rchand11\\Downloads\\rtx_project\\rtx_project\\keil\\obj\\output.axf" 
Erase Done.
Programming Done.
Verify OK.
Build target 'Project'
compiling main.c...
linking...
Program Size: Code=20112 RO-data=1012 RW-data=176 ZI-data=8320  
FromELF: creating hex file...
".\obj\output.axf" - 0 Error(s), 0 Warning(s).
Load "C:\\Users\\rchand11\\Downloads\\rtx_project\\rtx_project\\keil\\obj\\output.axf" 
Erase Done.
Programming Done.
Verify OK.
Build target 'Project'
compiling main.c...
linking...
Program Size: Code=20108 RO-data=1012 RW-data=176 ZI-data=8320  
FromELF: creating hex file...
".\obj\output.axf" - 0 Error(s), 0 Warning(s).
Build target 'Project'
compiling t2_lcd.c...
..\t2_lcd.c(21): warning:  #188-D: enumerated type mixed with another type
..\t2_lcd.c(22): warning:  #188-D: enumerated type mixed with another type
..\t2_lcd.c(23): warning:  #188-D: enumerated type mixed with another type
..\t2_lcd.c(24): warning:  #188-D: enumerated type mixed with another type
..\t2_lcd.c(25): warning:  #188-D: enumerated type mixed with another type
..\t2_lcd.c(26): warning:  #188-D: enumerated type mixed with another type
..\t2_lcd.c(27): warning:  #188-D: enumerated type mixed with another type
..\t2_lcd.c(28): warning:  #188-D: enumerated type mixed with another type
..\t2_lcd.c(39): warning:  #188-D: enumerated type mixed with another type
..\t2_lcd.c(40): warning:  #188-D: enumerated type mixed with another type
..\t2_lcd.c(41): warning:  #188-D: enumerated type mixed with another type
..\t2_lcd.c(42): warning:  #188-D: enumerated type mixed with another type
..\t2_lcd.c(43): warning:  #188-D: enumerated type mixed with another type
..\t2_lcd.c(44): warning:  #188-D: enumerated type mixed with another type
..\t2_lcd.c(45): warning:  #188-D: enumerated type mixed with another type
..\t2_lcd.c(46): warning:  #188-D: enumerated type mixed with another type
linking...
Program Size: Code=20108 RO-data=1012 RW-data=176 ZI-data=8320  
FromELF: creating hex file...
".\obj\output.axf" - 0 Error(s), 16 Warning(s).
Load "C:\\Users\\rchand11\\Downloads\\rtx_project\\rtx_project\\keil\\obj\\output.axf" 
Erase Done.
Programming Done.
Verify OK.
Build target 'Project'
compiling main.c...
linking...
Program Size: Code=20112 RO-data=1012 RW-data=176 ZI-data=8320  
FromELF: creating hex file...
".\obj\output.axf" - 0 Error(s), 0 Warning(s).
Load "C:\\Users\\rchand11\\Downloads\\rtx_project\\rtx_project\\keil\\obj\\output.axf" 
Erase Done.
Programming Done.
Verify OK.
Build target 'Project'
compiling main.c...
linking...
Program Size: Code=20176 RO-data=1012 RW-data=176 ZI-data=8320  
FromELF: creating hex file...
".\obj\output.axf" - 0 Error(s), 0 Warning(s).
Load "C:\\Users\\rchand11\\Downloads\\rtx_project\\rtx_project\\keil\\obj\\output.axf" 
Erase Done.
Programming Done.
Verify OK.
Build target 'Project'
compiling main.c...
linking...
Program Size: Code=22700 RO-data=1012 RW-data=176 ZI-data=8320  
FromELF: creating hex file...
".\obj\output.axf" - 0 Error(s), 0 Warning(s).
Build target 'Project'
linking...
Program Size: Code=22700 RO-data=1012 RW-data=176 ZI-data=8320  
FromELF: creating hex file...
".\obj\output.axf" - 0 Error(s), 0 Warning(s).
Load "C:\\Users\\rchand11\\Downloads\\rtx_project\\rtx_project\\keil\\obj\\output.axf" 
Erase Done.
Programming Done.
Verify OK.
Build target 'Project'
compiling main.c...
compiling t2_lcd.c...
..\t2_lcd.c(21): warning:  #188-D: enumerated type mixed with another type
..\t2_lcd.c(22): warning:  #188-D: enumerated type mixed with another type
..\t2_lcd.c(23): warning:  #188-D: enumerated type mixed with another type
..\t2_lcd.c(24): warning:  #188-D: enumerated type mixed with another type
..\t2_lcd.c(25): warning:  #188-D: enumerated type mixed with another type
..\t2_lcd.c(26): warning:  #188-D: enumerated type mixed with another type
..\t2_lcd.c(27): warning:  #188-D: enumerated type mixed with another type
..\t2_lcd.c(28): warning:  #188-D: enumerated type mixed with another type
..\t2_lcd.c(39): warning:  #188-D: enumerated type mixed with another type
..\t2_lcd.c(40): warning:  #188-D: enumerated type mixed with another type
..\t2_lcd.c(41): warning:  #188-D: enumerated type mixed with another type
..\t2_lcd.c(42): warning:  #188-D: enumerated type mixed with another type
..\t2_lcd.c(43): warning:  #188-D: enumerated type mixed with another type
..\t2_lcd.c(44): warning:  #188-D: enumerated type mixed with another type
..\t2_lcd.c(45): warning:  #188-D: enumerated type mixed with another type
..\t2_lcd.c(46): warning:  #188-D: enumerated type mixed with another type
linking...
Program Size: Code=22700 RO-data=1012 RW-data=176 ZI-data=8320  
FromELF: creating hex file...
".\obj\output.axf" - 0 Error(s), 16 Warning(s).
Load "C:\\Users\\rchand11\\Downloads\\rtx_project\\rtx_project\\keil\\obj\\output.axf" 
Erase Done.
Programming Done.
Verify OK.
Build target 'Project'
compiling main.c...
linking...
Program Size: Code=22704 RO-data=1012 RW-data=176 ZI-data=8320  
FromELF: creating hex file...
".\obj\output.axf" - 0 Error(s), 0 Warning(s).
Load "C:\\Users\\rchand11\\Downloads\\rtx_project\\rtx_project\\keil\\obj\\output.axf" 
Erase Done.
Programming Done.
Verify OK.
Build target 'Project'
compiling main.c...
linking...
Program Size: Code=22704 RO-data=1012 RW-data=176 ZI-data=8320  
FromELF: creating hex file...
".\obj\output.axf" - 0 Error(s), 0 Warning(s).
Load "C:\\Users\\rchand11\\Downloads\\rtx_project\\rtx_project\\keil\\obj\\output.axf" 
Erase Done.
Programming Done.
Verify OK.
Build target 'Project'
compiling main.c...
linking...
Program Size: Code=22704 RO-data=1012 RW-data=176 ZI-data=8320  
FromELF: creating hex file...
".\obj\output.axf" - 0 Error(s), 0 Warning(s).
Build target 'Project'
linking...
Program Size: Code=22704 RO-data=1012 RW-data=176 ZI-data=8320  
FromELF: creating hex file...
".\obj\output.axf" - 0 Error(s), 0 Warning(s).
Load "C:\\Users\\rchand11\\Downloads\\rtx_project\\rtx_project\\keil\\obj\\output.axf" 
Erase Done.
Programming Done.
Verify OK.
Build target 'Project'
compiling main.c...
linking...
Program Size: Code=22708 RO-data=1012 RW-data=176 ZI-data=8320  
FromELF: creating hex file...
".\obj\output.axf" - 0 Error(s), 0 Warning(s).
Load "C:\\Users\\rchand11\\Downloads\\rtx_project\\rtx_project\\keil\\obj\\output.axf" 
Erase Done.
Programming Done.
Verify OK.
Build target 'Project'
compiling main.c...
linking...
Program Size: Code=22712 RO-data=1012 RW-data=176 ZI-data=8320  
FromELF: creating hex file...
".\obj\output.axf" - 0 Error(s), 0 Warning(s).
Load "C:\\Users\\rchand11\\Downloads\\rtx_project\\rtx_project\\keil\\obj\\output.axf" 
Erase Done.
Programming Done.
Verify OK.
Build target 'Project'
compiling main.c...
linking...
Program Size: Code=22704 RO-data=1012 RW-data=176 ZI-data=8320  
FromELF: creating hex file...
".\obj\output.axf" - 0 Error(s), 0 Warning(s).
Load "C:\\Users\\rchand11\\Downloads\\rtx_project\\rtx_project\\keil\\obj\\output.axf" 
Erase Done.
Programming Done.
Verify OK.
Build target 'Project'
compiling main.c...
linking...
Program Size: Code=22748 RO-data=1012 RW-data=176 ZI-data=8320  
FromELF: creating hex file...
".\obj\output.axf" - 0 Error(s), 0 Warning(s).
Load "C:\\Users\\rchand11\\Downloads\\rtx_project\\rtx_project\\keil\\obj\\output.axf" 
Erase Done.
Programming Done.
Verify OK.
Build target 'Project'
compiling main.c...
linking...
Program Size: Code=22752 RO-data=1012 RW-data=176 ZI-data=8320  
FromELF: creating hex file...
".\obj\output.axf" - 0 Error(s), 0 Warning(s).
Load "C:\\Users\\rchand11\\Downloads\\rtx_project\\rtx_project\\keil\\obj\\output.axf" 
Erase Done.
Programming Done.
Verify OK.
Build target 'Project'
compiling main.c...
compiling t2_pwm.c...
compiling t2_servo.c...
linking...
Program Size: Code=22768 RO-data=1012 RW-data=176 ZI-data=8320  
FromELF: creating hex file...
".\obj\output.axf" - 0 Error(s), 0 Warning(s).
Load "C:\\Users\\rchand11\\Downloads\\rtx_project\\rtx_project\\keil\\obj\\output.axf" 
Erase Done.
Programming Done.
Verify OK.
Build target 'Project'
compiling main.c...
compiling t2_mems.c...
..\t2_mems.c(123): warning:  #940-D: missing return statement at end of non-void function "get_pitch"
..\t2_mems.c(128): warning:  #940-D: missing return statement at end of non-void function "get_roll"
..\t2_mems.c(168): warning:  #223-D: function "update_angles" declared implicitly
linking...
.\obj\output.axf: Error: L6218E: Undefined symbol update_angles (referred from t2_mems.o).
Target not created
Build target 'Project'
compiling t2_mems.c...
..\t2_mems.c(123): warning:  #940-D: missing return statement at end of non-void function "get_pitch"
..\t2_mems.c(128): warning:  #940-D: missing return statement at end of non-void function "get_roll"
linking...
Program Size: Code=22776 RO-data=1012 RW-data=176 ZI-data=8320  
FromELF: creating hex file...
".\obj\output.axf" - 0 Error(s), 2 Warning(s).
Build target 'Project'
compiling t2_mems.c...
linking...
Program Size: Code=22768 RO-data=1012 RW-data=176 ZI-data=8320  
FromELF: creating hex file...
".\obj\output.axf" - 0 Error(s), 0 Warning(s).
Build target 'Project'
linking...
Program Size: Code=22768 RO-data=1012 RW-data=176 ZI-data=8320  
FromELF: creating hex file...
".\obj\output.axf" - 0 Error(s), 0 Warning(s).
Load "C:\\Users\\rchand11\\Downloads\\rtx_project\\rtx_project\\keil\\obj\\output.axf" 
Erase Done.
Programming Done.
Verify OK.
Build target 'Project'
compiling main.c...
linking...
Program Size: Code=22788 RO-data=1012 RW-data=176 ZI-data=8320  
FromELF: creating hex file...
".\obj\output.axf" - 0 Error(s), 0 Warning(s).
Build target 'Project'
linking...
Program Size: Code=22788 RO-data=1012 RW-data=176 ZI-data=8320  
FromELF: creating hex file...
".\obj\output.axf" - 0 Error(s), 0 Warning(s).
Load "C:\\Users\\rchand11\\Downloads\\rtx_project\\rtx_project\\keil\\obj\\output.axf" 
Erase Done.
Programming Done.
Verify OK.
Build target 'Project'
compiling main.c...
linking...
Program Size: Code=22788 RO-data=1012 RW-data=176 ZI-data=8320  
FromELF: creating hex file...
".\obj\output.axf" - 0 Error(s), 0 Warning(s).
Load "C:\\Users\\rchand11\\Downloads\\rtx_project\\rtx_project\\keil\\obj\\output.axf" 
Erase Done.
Programming Done.
Verify OK.
Build target 'Project'
compiling main.c...
linking...
Program Size: Code=22828 RO-data=1012 RW-data=176 ZI-data=8320  
FromELF: creating hex file...
".\obj\output.axf" - 0 Error(s), 0 Warning(s).
Load "C:\\Users\\rchand11\\Downloads\\rtx_project\\rtx_project\\keil\\obj\\output.axf" 
Erase Done.
Programming Done.
Verify OK.
Build target 'Project'
compiling main.c...
linking...
Program Size: Code=22828 RO-data=1012 RW-data=176 ZI-data=8320  
FromELF: creating hex file...
".\obj\output.axf" - 0 Error(s), 0 Warning(s).
Build target 'Project'
compiling main.c...
linking...
Program Size: Code=22828 RO-data=1012 RW-data=176 ZI-data=8320  
FromELF: creating hex file...
".\obj\output.axf" - 0 Error(s), 0 Warning(s).
Build target 'Project'
linking...
Program Size: Code=22828 RO-data=1012 RW-data=176 ZI-data=8320  
FromELF: creating hex file...
".\obj\output.axf" - 0 Error(s), 0 Warning(s).
Load "C:\\Users\\rchand11\\Downloads\\rtx_project\\rtx_project\\keil\\obj\\output.axf" 
Erase Done.
Programming Done.
Verify OK.
Build target 'Project'
compiling main.c...
linking...
Program Size: Code=22828 RO-data=1012 RW-data=176 ZI-data=8320  
FromELF: creating hex file...
".\obj\output.axf" - 0 Error(s), 0 Warning(s).
Build target 'Project'
linking...
Program Size: Code=22828 RO-data=1012 RW-data=176 ZI-data=8320  
FromELF: creating hex file...
".\obj\output.axf" - 0 Error(s), 0 Warning(s).
Load "C:\\Users\\rchand11\\Downloads\\rtx_project\\rtx_project\\keil\\obj\\output.axf" 
Load "C:\\Users\\rchand11\\Downloads\\rtx_project\\rtx_project\\keil\\obj\\output.axf" 
Erase Done.
Programming Done.
Verify OK.
Build target 'Project'
compiling t2_mems.c...
linking...
Program Size: Code=22828 RO-data=1012 RW-data=176 ZI-data=8320  
FromELF: creating hex file...
".\obj\output.axf" - 0 Error(s), 0 Warning(s).
Load "C:\\Users\\rchand11\\Downloads\\rtx_project\\rtx_project\\keil\\obj\\output.axf" 
Erase Done.
Programming Done.
Verify OK.
Build target 'Project'
linking...
Program Size: Code=22828 RO-data=1012 RW-data=176 ZI-data=8320  
FromELF: creating hex file...
".\obj\output.axf" - 0 Error(s), 0 Warning(s).
Load "C:\\Users\\rchand11\\Downloads\\rtx_project\\rtx_project\\keil\\obj\\output.axf" 
Erase Done.
Programming Done.
Verify OK.
Build target 'Project'
compiling main.c...
compiling t2_pwm.c...
compiling t2_servo.c...
linking...
Program Size: Code=22824 RO-data=1012 RW-data=176 ZI-data=8320  
FromELF: creating hex file...
".\obj\output.axf" - 0 Error(s), 0 Warning(s).
Load "C:\\Users\\rchand11\\Downloads\\rtx_project\\rtx_project\\keil\\obj\\output.axf" 
Erase Done.
Programming Done.
Verify OK.
Build target 'Project'
compiling main.c...
linking...
Program Size: Code=22824 RO-data=1012 RW-data=176 ZI-data=8320  
FromELF: creating hex file...
".\obj\output.axf" - 0 Error(s), 0 Warning(s).
Load "C:\\Users\\rchand11\\Downloads\\rtx_project\\rtx_project\\keil\\obj\\output.axf" 
Erase Done.
Programming Done.
Verify OK.
Build target 'Project'
compiling main.c...
compiling t2_adc.c...
..\t2_adc.c(109): warning:  #1035-D: single-precision operand implicitly converted to double-precision
compiling t2_pwm.c...
compiling t2_servo.c...
compiling t2_lcd.c...
..\t2_lcd.c(36): warning:  #188-D: enumerated type mixed with another type
..\t2_lcd.c(37): warning:  #188-D: enumerated type mixed with another type
..\t2_lcd.c(38): warning:  #188-D: enumerated type mixed with another type
..\t2_lcd.c(39): warning:  #188-D: enumerated type mixed with another type
..\t2_lcd.c(40): warning:  #188-D: enumerated type mixed with another type
..\t2_lcd.c(41): warning:  #188-D: enumerated type mixed with another type
..\t2_lcd.c(42): warning:  #188-D: enumerated type mixed with another type
..\t2_lcd.c(43): warning:  #188-D: enumerated type mixed with another type
..\t2_lcd.c(63): warning:  #188-D: enumerated type mixed with another type
..\t2_lcd.c(64): warning:  #188-D: enumerated type mixed with another type
..\t2_lcd.c(65): warning:  #188-D: enumerated type mixed with another type
..\t2_lcd.c(66): warning:  #188-D: enumerated type mixed with another type
..\t2_lcd.c(67): warning:  #188-D: enumerated type mixed with another type
..\t2_lcd.c(68): warning:  #188-D: enumerated type mixed with another type
..\t2_lcd.c(69): warning:  #188-D: enumerated type mixed with another type
..\t2_lcd.c(70): warning:  #188-D: enumerated type mixed with another type
linking...
Program Size: Code=22824 RO-data=1012 RW-data=176 ZI-data=8320  
FromELF: creating hex file...
".\obj\output.axf" - 0 Error(s), 17 Warning(s).
Load "C:\\Users\\rchand11\\Downloads\\rtx_project\\rtx_project\\keil\\obj\\output.axf" 
Erase Done.
Programming Done.
Verify OK.
Build target 'Project'
compiling t2_servo.c...
linking...
Program Size: Code=22816 RO-data=1012 RW-data=176 ZI-data=8320  
FromELF: creating hex file...
".\obj\output.axf" - 0 Error(s), 0 Warning(s).
Load "C:\\Users\\rchand11\\Downloads\\rtx_project\\rtx_project\\keil\\obj\\output.axf" 
Erase Done.
Programming Done.
Verify OK.
Build target 'Project'
compiling main.c...
compiling t2_adc.c...
..\t2_adc.c(109): warning:  #1035-D: single-precision operand implicitly converted to double-precision
linking...
Program Size: Code=22816 RO-data=1012 RW-data=176 ZI-data=8320  
FromELF: creating hex file...
".\obj\output.axf" - 0 Error(s), 1 Warning(s).
Build target 'Project'
linking...
Program Size: Code=22816 RO-data=1012 RW-data=176 ZI-data=8320  
FromELF: creating hex file...
".\obj\output.axf" - 0 Error(s), 0 Warning(s).
Load "C:\\Users\\rchand11\\Downloads\\rtx_project\\rtx_project\\keil\\obj\\output.axf" 
Erase Done.
Programming Done.
Verify OK.
Build target 'Project'
compiling main.c...
linking...
Program Size: Code=22816 RO-data=1012 RW-data=176 ZI-data=8320  
FromELF: creating hex file...
".\obj\output.axf" - 0 Error(s), 0 Warning(s).
Build target 'Project'
compiling t2_filtering.c...
linking...
Program Size: Code=22816 RO-data=1012 RW-data=176 ZI-data=8320  
FromELF: creating hex file...
".\obj\output.axf" - 0 Error(s), 0 Warning(s).
Build target 'Project'
compiling t2_mems.c...
compiling t2_lcd.c...
..\t2_lcd.c(42): warning:  #188-D: enumerated type mixed with another type
..\t2_lcd.c(43): warning:  #188-D: enumerated type mixed with another type
..\t2_lcd.c(44): warning:  #188-D: enumerated type mixed with another type
..\t2_lcd.c(45): warning:  #188-D: enumerated type mixed with another type
..\t2_lcd.c(46): warning:  #188-D: enumerated type mixed with another type
..\t2_lcd.c(47): warning:  #188-D: enumerated type mixed with another type
..\t2_lcd.c(48): warning:  #188-D: enumerated type mixed with another type
..\t2_lcd.c(49): warning:  #188-D: enumerated type mixed with another type
..\t2_lcd.c(69): warning:  #188-D: enumerated type mixed with another type
..\t2_lcd.c(70): warning:  #188-D: enumerated type mixed with another type
..\t2_lcd.c(71): warning:  #188-D: enumerated type mixed with another type
..\t2_lcd.c(72): warning:  #188-D: enumerated type mixed with another type
..\t2_lcd.c(73): warning:  #188-D: enumerated type mixed with another type
..\t2_lcd.c(74): warning:  #188-D: enumerated type mixed with another type
..\t2_lcd.c(75): warning:  #188-D: enumerated type mixed with another type
..\t2_lcd.c(76): warning:  #188-D: enumerated type mixed with another type
linking...
Program Size: Code=22792 RO-data=1012 RW-data=176 ZI-data=8320  
FromELF: creating hex file...
".\obj\output.axf" - 0 Error(s), 16 Warning(s).
Load "C:\\Users\\rchand11\\Downloads\\rtx_project\\rtx_project\\keil\\obj\\output.axf" 
Erase Done.
Programming Done.
Verify OK.
Build target 'Project'
compiling t2_mems.c...
linking...
Program Size: Code=22804 RO-data=1012 RW-data=176 ZI-data=8320  
FromELF: creating hex file...
".\obj\output.axf" - 0 Error(s), 0 Warning(s).
Load "C:\\Users\\rchand11\\Downloads\\rtx_project\\rtx_project\\keil\\obj\\output.axf" 
Erase Done.
Programming Done.
Verify OK.
Build target 'Project'
assembling startup_stm32f4xx.s...
linking...
Program Size: Code=22804 RO-data=1012 RW-data=176 ZI-data=8320  
FromELF: creating hex file...
".\obj\output.axf" - 0 Error(s), 0 Warning(s).
Load "C:\\Users\\rchand11\\Downloads\\rtx_project\\rtx_project\\keil\\obj\\output.axf" 
Erase Done.
Programming Done.
Verify OK.
Build target 'Project'
compiling t2_mems.c...
linking...
Program Size: Code=22808 RO-data=1012 RW-data=176 ZI-data=8320  
FromELF: creating hex file...
".\obj\output.axf" - 0 Error(s), 0 Warning(s).
Load "C:\\Users\\rchand11\\Downloads\\rtx_project\\rtx_project\\keil\\obj\\output.axf" 
Erase Done.
Programming Done.
Verify OK.
Build target 'Project'
compiling main.c...
compiling t2_mems.c...
compiling t2_servo.c...
linking...
Program Size: Code=22788 RO-data=1012 RW-data=176 ZI-data=8320  
FromELF: creating hex file...
".\obj\output.axf" - 0 Error(s), 0 Warning(s).
Load "C:\\Users\\rchand11\\Downloads\\rtx_project\\rtx_project\\keil\\obj\\output.axf" 
Erase Done.
Programming Done.
Verify OK.
Build target 'Project'
compiling t2_mems.c...
linking...
Program Size: Code=22788 RO-data=1012 RW-data=176 ZI-data=8320  
FromELF: creating hex file...
".\obj\output.axf" - 0 Error(s), 0 Warning(s).
Build target 'Project'
compiling t2_pwm.c...
linking...
Program Size: Code=22788 RO-data=1012 RW-data=176 ZI-data=8320  
FromELF: creating hex file...
".\obj\output.axf" - 0 Error(s), 0 Warning(s).
Build target 'Project'
compiling t2_servo.c...
linking...
Program Size: Code=22788 RO-data=1012 RW-data=176 ZI-data=8320  
FromELF: creating hex file...
".\obj\output.axf" - 0 Error(s), 0 Warning(s).
Build target 'Project'
compiling t2_servo.c...
linking...
Program Size: Code=22788 RO-data=1012 RW-data=176 ZI-data=8320  
FromELF: creating hex file...
".\obj\output.axf" - 0 Error(s), 0 Warning(s).
Build target 'Project'
compiling t2_button.c...
linking...
Program Size: Code=22788 RO-data=1012 RW-data=176 ZI-data=8320  
FromELF: creating hex file...
".\obj\output.axf" - 0 Error(s), 0 Warning(s).
Build target 'Project'
linking...
Program Size: Code=22788 RO-data=1012 RW-data=176 ZI-data=8320  
FromELF: creating hex file...
".\obj\output.axf" - 0 Error(s), 0 Warning(s).
Build target 'Project'
compiling main.c...
compiling t2_button.c...
linking...
Program Size: Code=22788 RO-data=1012 RW-data=176 ZI-data=8320  
FromELF: creating hex file...
".\obj\output.axf" - 0 Error(s), 0 Warning(s).
Build target 'Project'
compiling t2_button.c...
linking...
Program Size: Code=22788 RO-data=1012 RW-data=176 ZI-data=8320  
FromELF: creating hex file...
".\obj\output.axf" - 0 Error(s), 0 Warning(s).
Build target 'Project'
compiling t2_button.c...
linking...
Program Size: Code=22788 RO-data=1012 RW-data=176 ZI-data=8320  
FromELF: creating hex file...
".\obj\output.axf" - 0 Error(s), 0 Warning(s).
Load "C:\\Users\\rchand11\\Downloads\\rtx_project\\rtx_project\\keil\\obj\\output.axf" 
Erase Done.
Programming Done.
Verify OK.
Build target 'Project'
compiling main.c...
linking...
Program Size: Code=22788 RO-data=1012 RW-data=176 ZI-data=8320  
FromELF: creating hex file...
".\obj\output.axf" - 0 Error(s), 0 Warning(s).
