ARM Linker, 5.03 [Build 69] [MDK-ARM Standard]

==============================================================================

Section Cross References

    system_stm32f4xx.o(.text) refers to system_stm32f4xx.o(.data) for SystemCoreClock
    startup_stm32f4xx.o(RESET) refers to startup_stm32f4xx.o(STACK) for __initial_sp
    startup_stm32f4xx.o(RESET) refers to startup_stm32f4xx.o(.text) for Reset_Handler
    startup_stm32f4xx.o(RESET) refers to hal_cm4.o(.emb_text) for SVC_Handler
    startup_stm32f4xx.o(RESET) refers to main.o(.text) for EXTI0_IRQHandler
    startup_stm32f4xx.o(.text) refers to system_stm32f4xx.o(.text) for SystemInit
    startup_stm32f4xx.o(.text) refers to entry.o(.ARM.Collect$$$$00000000) for __main
    rtx_conf_cm.o(.ARM.Collect$$$$000000FF) refers to rt_cmsis.o(i.osKernelStart) for osKernelStart
    rtx_conf_cm.o(.ARM.Collect$$$$000000FF) refers to rtx_conf_cm.o(.constdata) for .constdata
    rtx_conf_cm.o(.constdata) refers to rt_cmsis.o(i.osTimerThread) for osTimerThread
    rtx_conf_cm.o(.constdata) refers to rtx_conf_cm.o(.bss) for os_messageQ_q_osTimerMessageQ
    rtx_conf_cm.o(.constdata) refers to main.o(.text) for main
    main.o(.text) refers to stm32f4xx_tim.o(.text) for TIM_GetITStatus
    main.o(.text) refers to rt_cmsis.o(i.osSignalSet) for osSignalSet
    main.o(.text) refers to cc2500.o(.text) for CC2500_Init
    main.o(.text) refers to rt_cmsis.o(i.osMutexCreate) for osMutexCreate
    main.o(.text) refers to rt_cmsis.o(i.osMailCreate) for osMailCreate
    main.o(.text) refers to rt_cmsis.o(i.osThreadCreate) for osThreadCreate
    main.o(.text) refers to g2_servo.o(.text) for servo_setup
    main.o(.text) refers to rt_cmsis.o(i.osDelay) for osDelay
    main.o(.text) refers to g2_button.o(.text) for user_button_GPIO_setup
    main.o(.text) refers to g2_mems.o(.text) for MEMS_TIM5_Configuration
    main.o(.text) refers to rt_cmsis.o(i.osMailGet) for osMailGet
    main.o(.text) refers to rt_cmsis.o(i.osMailFree) for osMailFree
    main.o(.text) refers to rt_cmsis.o(i.osMutexWait) for osMutexWait
    main.o(.text) refers to rt_cmsis.o(i.osMutexRelease) for osMutexRelease
    main.o(.text) refers to rt_cmsis.o(i.osSignalWait) for osSignalWait
    main.o(.text) refers to main.o(.data) for tid_thread_wireless_master
    main.o(.text) refers to main.o(.constdata) for os_mutex_def_char_mutex
    main.o(.text) refers to main.o(.bss) for Wbuf
    main.o(.text) refers to rt_cmsis.o(i.osMailAlloc) for osMailAlloc
    main.o(.text) refers to rt_cmsis.o(i.osMailPut) for osMailPut
    main.o(.text) refers to g2_keypad.o(.text) for g2_keypad_init
    main.o(.text) refers to strncpy.o(.text) for strncpy
    main.o(.text) refers to atoi.o(.text) for atoi
    main.o(.text) refers to memseta.o(.text) for __aeabi_memset
    main.o(.text) refers to lcd.o(.text) for LCD_Init
    main.o(.text) refers to stm32f4xx_exti.o(.text) for EXTI_ClearITPendingBit
    main.o(.constdata) refers to main.o(.data) for os_mailQ_p_packet_mail_box
    main.o(.constdata) refers to main.o(.bss) for os_mutex_cb_char_mutex
    main.o(.constdata) refers to main.o(.text) for thread_user_input
    main.o(.data) refers to main.o(.bss) for os_mailQ_q_packet_mail_box
    g2_keypad.o(.text) refers to stm32f4xx_gpio.o(.text) for GPIO_Init
    g2_keypad.o(.text) refers to stm32f4xx_rcc.o(.text) for RCC_AHB1PeriphClockCmd
    g2_button.o(.text) refers to stm32f4xx_rcc.o(.text) for RCC_AHB1PeriphClockCmd
    g2_button.o(.text) refers to stm32f4xx_gpio.o(.text) for GPIO_Init
    g2_button.o(.text) refers to stm32f4xx_syscfg.o(.text) for SYSCFG_EXTILineConfig
    g2_button.o(.text) refers to stm32f4xx_exti.o(.text) for EXTI_Init
    g2_button.o(.text) refers to misc.o(.text) for NVIC_Init
    g2_wireless.o(.text) refers to stm32f4xx_rcc.o(.text) for RCC_APB2PeriphClockCmd
    g2_wireless.o(.text) refers to stm32f4xx_gpio.o(.text) for GPIO_PinAFConfig
    g2_wireless.o(.text) refers to stm32f4xx_spi.o(.text) for SPI_I2S_DeInit
    cc2500.o(.text) refers to stm32f4xx_spi.o(.text) for SPI_I2S_GetFlagStatus
    cc2500.o(.text) refers to stm32f4xx_gpio.o(.text) for GPIO_ResetBits
    cc2500.o(.text) refers to stm32f4xx_rcc.o(.text) for RCC_APB1PeriphClockCmd
    cc2500.o(.text) refers to stm32f4xx_syscfg.o(.text) for SYSCFG_EXTILineConfig
    cc2500.o(.text) refers to stm32f4xx_exti.o(.text) for EXTI_Init
    cc2500.o(.text) refers to cc2500.o(.data) for cc2500_timeout
    cc2500.o(.text) refers to misc.o(.text) for NVIC_Init
    g2_servo.o(.text) refers to stm32f4xx_rcc.o(.text) for RCC_APB1PeriphClockCmd
    g2_servo.o(.text) refers to stm32f4xx_gpio.o(.text) for GPIO_Init
    g2_servo.o(.text) refers to stm32f4xx_tim.o(.text) for TIM_TimeBaseInit
    g2_servo.o(.text) refers to g2_servo.o(.bss) for TIM_ServoTimeBaseStructure
    g2_servo.o(.text) refers to g2_servo.o(.data) for zero_dg_duty_cycle
    lcd.o(.text) refers to stm32f4xx_gpio.o(.text) for GPIO_SetBits
[...]
    i.rt_init_robin                          0x080050d0   Section        0  rt_robin.o(i.rt_init_robin)
    i.rt_init_stack                          0x080050e8   Section        0  hal_cm.o(i.rt_init_stack)
    i.rt_mbx_check                           0x08005138   Section        0  rt_mailbox.o(i.rt_mbx_check)
    i.rt_mbx_init                            0x08005140   Section        0  rt_mailbox.o(i.rt_mbx_init)
    i.rt_mbx_psh                             0x0800515c   Section        0  rt_mailbox.o(i.rt_mbx_psh)
    i.rt_mbx_send                            0x08005258   Section        0  rt_mailbox.o(i.rt_mbx_send)
    i.rt_mbx_wait                            0x08005304   Section        0  rt_mailbox.o(i.rt_mbx_wait)
    i.rt_ms2tick                             0x080053b8   Section        0  rt_cmsis.o(i.rt_ms2tick)
    rt_ms2tick                               0x080053b9   Thumb Code    50  rt_cmsis.o(i.rt_ms2tick)
    i.rt_mut_init                            0x080053f4   Section        0  rt_mutex.o(i.rt_mut_init)
    i.rt_mut_release                         0x08005404   Section        0  rt_mutex.o(i.rt_mut_release)
    i.rt_mut_wait                            0x080054a4   Section        0  rt_mutex.o(i.rt_mut_wait)
    i.rt_pop_req                             0x08005508   Section        0  rt_system.o(i.rt_pop_req)
    i.rt_psh_req                             0x08005580   Section        0  rt_system.o(i.rt_psh_req)
    i.rt_psq_enq                             0x080055a0   Section        0  rt_list.o(i.rt_psq_enq)
    i.rt_put_dly                             0x080055f8   Section        0  rt_list.o(i.rt_put_dly)
    i.rt_put_prio                            0x08005654   Section        0  rt_list.o(i.rt_put_prio)
    i.rt_put_rdy_first                       0x0800568c   Section        0  rt_list.o(i.rt_put_rdy_first)
    i.rt_resort_prio                         0x080056a0   Section        0  rt_list.o(i.rt_resort_prio)
    i.rt_ret_regs                            0x080056d4   Section        0  hal_cm.o(i.rt_ret_regs)
    rt_ret_regs                              0x080056d5   Thumb Code    16  hal_cm.o(i.rt_ret_regs)
    i.rt_ret_val                             0x080056e4   Section        0  hal_cm.o(i.rt_ret_val)
    i.rt_ret_val2                            0x080056f0   Section        0  hal_cm.o(i.rt_ret_val2)
    i.rt_rmv_dly                             0x08005700   Section        0  rt_list.o(i.rt_rmv_dly)
    i.rt_rmv_list                            0x08005728   Section        0  rt_list.o(i.rt_rmv_list)
    i.rt_sem_psh                             0x08005758   Section        0  rt_semaphore.o(i.rt_sem_psh)
    i.rt_stk_check                           0x0800578c   Section        0  rt_system.o(i.rt_stk_check)
    i.rt_switch_req                          0x080057b0   Section        0  rt_task.o(i.rt_switch_req)
    i.rt_sys_init                            0x080057d8   Section        0  rt_task.o(i.rt_sys_init)
    i.rt_systick                             0x08005918   Section        0  rt_system.o(i.rt_systick)
    i.rt_tid2ptcb                            0x08005954   Section        0  rt_cmsis.o(i.rt_tid2ptcb)
    rt_tid2ptcb                              0x08005955   Thumb Code    18  rt_cmsis.o(i.rt_tid2ptcb)
    i.rt_timer_insert                        0x08005968   Section        0  rt_cmsis.o(i.rt_timer_insert)
    rt_timer_insert                          0x08005969   Thumb Code    56  rt_cmsis.o(i.rt_timer_insert)
    i.rt_tsk_create                          0x080059a4   Section        0  rt_task.o(i.rt_tsk_create)
    i.rt_tsk_delete                          0x08005a24   Section        0  rt_task.o(i.rt_tsk_delete)
    i.rt_tsk_self                            0x08005ad0   Section        0  rt_task.o(i.rt_tsk_self)
    i.svcDelay                               0x08005ae0   Section        0  rt_cmsis.o(i.svcDelay)
    i.svcKernelStart                         0x08005af4   Section        0  rt_cmsis.o(i.svcKernelStart)
    i.svcMailCreate                          0x08005bc8   Section        0  rt_cmsis.o(i.svcMailCreate)
    i.svcMessageCreate                       0x08005c0a   Section        0  rt_cmsis.o(i.svcMessageCreate)
    i.svcMessageGet                          0x08005c2e   Section        0  rt_cmsis.o(i.svcMessageGet)
    i.svcMessagePut                          0x08005c68   Section        0  rt_cmsis.o(i.svcMessagePut)
    i.svcMutexCreate                         0x08005c9e   Section        0  rt_cmsis.o(i.svcMutexCreate)
    i.svcMutexRelease                        0x08005cba   Section        0  rt_cmsis.o(i.svcMutexRelease)
    i.svcMutexWait                           0x08005cdc   Section        0  rt_cmsis.o(i.svcMutexWait)
    i.svcSignalSet                           0x08005d12   Section        0  rt_cmsis.o(i.svcSignalSet)
    i.svcSignalWait                          0x08005d38   Section        0  rt_cmsis.o(i.svcSignalWait)
    i.svcThreadCreate                        0x08005d8c   Section        0  rt_cmsis.o(i.svcThreadCreate)
    i.svcThreadGetId                         0x08005dfc   Section        0  rt_cmsis.o(i.svcThreadGetId)
    i.svcThreadTerminate                     0x08005e18   Section        0  rt_cmsis.o(i.svcThreadTerminate)
    i.svcTimerCall                           0x08005e50   Section        0  rt_cmsis.o(i.svcTimerCall)
    i.sysMailAlloc                           0x08005e68   Section        0  rt_cmsis.o(i.sysMailAlloc)
    i.sysMailFree                            0x08005ed8   Section        0  rt_cmsis.o(i.sysMailFree)
    i.sysTimerTick                           0x08005f40   Section        0  rt_cmsis.o(i.sysTimerTick)
    .constdata                               0x08005f94   Section       88  rtx_conf_cm.o(.constdata)
    __tagsym$$used                           0x08005fa8   Number         0  rtx_conf_cm.o(.constdata)
    __tagsym$$used                           0x08005fac   Number         0  rtx_conf_cm.o(.constdata)
    .constdata                               0x08005fec   Section      128  main.o(.constdata)
    .constdata                               0x0800606c   Section      404  atan_lut.o(.constdata)
    atan_lookup                              0x0800606c   Data         404  atan_lut.o(.constdata)
    .constdata                               0x08006200   Section      129  ctype_o.o(.constdata)
    .constdata                               0x08006284   Section        4  ctype_o.o(.constdata)
    table                                    0x08006284   Data           4  ctype_o.o(.constdata)
    .bss                                     0x10000000   Section     6992  rtx_conf_cm.o(.bss)
    .data                                    0x20000000   Section       20  system_stm32f4xx.o(.data)
    .data                                    0x20000014   Section       16  rtx_conf_cm.o(.data)
    .data                                    0x20000024   Section       96  main.o(.data)
    .data                                    0x20000084   Section        4  cc2500.o(.data)
    .data                                    0x20000088   Section        6  g2_servo.o(.data)
    .data                                    0x20000090   Section       23  g2_mems.o(.data)
    .data                                    0x200000a8   Section        4  lis3dsh.o(.data)
    .data                                    0x200000ac   Section       16  stm32f4xx_rcc.o(.data)
    APBAHBPrescTable                         0x200000ac   Data          16  stm32f4xx_rcc.o(.data)
    .data                                    0x200000bc   Section        4  rt_cmsis.o(.data)
    .data                                    0x200000c0   Section        8  rt_task.o(.data)
    .data                                    0x200000c8   Section        3  rt_system.o(.data)
    os_lock                                  0x200000c8   Data           1  rt_system.o(.data)
    os_psh_flag                              0x200000c9   Data           1  rt_system.o(.data)
    pend_flags                               0x200000ca   Data           1  rt_system.o(.data)
    .data                                    0x200000cc   Section        2  rt_time.o(.data)
    .data                                    0x200000ce   Section        1  hal_cm.o(.data)
    .data                                    0x200000d0   Section        8  rt_robin.o(.data)
    .data                                    0x200000d8   Section        4  errno.o(.data)
    _errno                                   0x200000d8   Data           4  errno.o(.data)
    .bss                                     0x200000dc   Section      256  main.o(.bss)
    .bss                                     0x200001dc   Section       32  g2_servo.o(.bss)
    .bss                                     0x200001fc   Section      144  g2_mems.o(.bss)
    .bss                                     0x2000028c   Section       48  rt_task.o(.bss)
    .bss                                     0x200002bc   Section       48  rt_list.o(.bss)
    STACK                                    0x200002f0   Section     1024  startup_stm32f4xx.o(STACK)

    Global Symbols

    Symbol Name                              Value     Ov Type        Size  Object(Section)

    BuildAttributes$$THM_ISAv4$E$P$D$K$B$S$7EM$VFPi3$EXTD16$VFPS$VFMA$PE$A:L22UL41UL21$X:L11$S22US41US21$IEEE1$IW$USESV6$~STKCKD$USESV7$~SHL$OTIME$ROPI$IEEEJ$EBA8$MICROLIB$REQ8$PRES8$EABIv2 0x00000000   Number         0  anon$$obj.o ABSOLUTE
    __ARM_use_no_argv                        0x00000000   Number         0  main.o ABSOLUTE
    __cpp_initialize__aeabi_                  - Undefined Weak Reference
    __cxa_finalize                            - Undefined Weak Reference
    __decompress                              - Undefined Weak Reference
    _clock_init                               - Undefined Weak Reference
    _microlib_exit                            - Undefined Weak Reference
    __Vectors_Size                           0x00000188   Number         0  startup_stm32f4xx.o ABSOLUTE
    __RL_RTX_VER                             0x00000422   Number         0  rt_system.o ABSOLUTE
    __Vectors                                0x08000000   Data           4  startup_stm32f4xx.o(RESET)
    __Vectors_End                            0x08000188   Data           0  startup_stm32f4xx.o(RESET)
    __main                                   0x08000189   Thumb Code     0  entry.o(.ARM.Collect$$$$00000000)
    _main_stk                                0x08000189   Thumb Code     0  entry2.o(.ARM.Collect$$$$00000001)
    _main_scatterload                        0x0800018d   Thumb Code     0  entry5.o(.ARM.Collect$$$$00000004)
    __main_after_scatterload                 0x08000191   Thumb Code     0  entry5.o(.ARM.Collect$$$$00000004)
    __rt_final_cpp                           0x08000191   Thumb Code     0  entry10a.o(.ARM.Collect$$$$0000000D)
    __rt_final_exit                          0x08000191   Thumb Code     0  entry11a.o(.ARM.Collect$$$$0000000F)
    _main_clock                              0x08000191   Thumb Code     0  entry7b.o(.ARM.Collect$$$$00000008)
    _main_cpp_init                           0x08000191   Thumb Code     0  entry8b.o(.ARM.Collect$$$$0000000A)
    _main_init                               0x08000191   Thumb Code    10  rtx_conf_cm.o(.ARM.Collect$$$$000000FF)
    rt_set_PSP                               0x080001a5   Thumb Code     6  hal_cm4.o(.emb_text)
    os_set_env                               0x080001ab   Thumb Code    26  hal_cm4.o(.emb_text)
    _alloc_box                               0x080001c9   Thumb Code    28  hal_cm4.o(.emb_text)
    _free_box                                0x080001e9   Thumb Code    28  hal_cm4.o(.emb_text)
    SVC_Handler                              0x08000209   Thumb Code   152  hal_cm4.o(.emb_text)
    PendSV_Handler                           0x080002ad   Thumb Code     0  hal_cm4.o(.emb_text)
    Sys_Handler                              0x080002ad   Thumb Code   104  hal_cm4.o(.emb_text)
    SysTick_Handler                          0x0800030d   Thumb Code     0  hal_cm4.o(.emb_text)
    SystemInit                               0x080003f3   Thumb Code    88  system_stm32f4xx.o(.text)
    SystemCoreClockUpdate                    0x0800044b   Thumb Code   174  system_stm32f4xx.o(.text)
    Reset_Handler                            0x08000525   Thumb Code     8  startup_stm32f4xx.o(.text)
    NMI_Handler                              0x0800052d   Thumb Code     2  startup_stm32f4xx.o(.text)
    HardFault_Handler                        0x0800052f   Thumb Code     2  startup_stm32f4xx.o(.text)
    MemManage_Handler                        0x08000531   Thumb Code     2  startup_stm32f4xx.o(.text)
    BusFault_Handler                         0x08000533   Thumb Code     2  startup_stm32f4xx.o(.text)
    UsageFault_Handler                       0x08000535   Thumb Code     2  startup_stm32f4xx.o(.text)
    DebugMon_Handler                         0x08000539   Thumb Code     2  startup_stm32f4xx.o(.text)
    ADC_IRQHandler                           0x0800053f   Thumb Code     0  startup_stm32f4xx.o(.text)
    CAN1_RX0_IRQHandler                      0x0800053f   Thumb Code     0  startup_stm32f4xx.o(.text)
    CAN1_RX1_IRQHandler                      0x0800053f   Thumb Code     0  startup_stm32f4xx.o(.text)
    CAN1_SCE_IRQHandler                      0x0800053f   Thumb Code     0  startup_stm32f4xx.o(.text)
    CAN1_TX_IRQHandler                       0x0800053f   Thumb Code     0  startup_stm32f4xx.o(.text)
    CAN2_RX0_IRQHandler                      0x0800053f   Thumb Code     0  startup_stm32f4xx.o(.text)
    CAN2_RX1_IRQHandler                      0x0800053f   Thumb Code     0  startup_stm32f4xx.o(.text)
    CAN2_SCE_IRQHandler                      0x0800053f   Thumb Code     0  startup_stm32f4xx.o(.text)
    CAN2_TX_IRQHandler                       0x0800053f   Thumb Code     0  startup_stm32f4xx.o(.text)
    CRYP_IRQHandler                          0x0800053f   Thumb Code     0  startup_stm32f4xx.o(.text)
    DCMI_IRQHandler                          0x0800053f   Thumb Code     0  startup_stm32f4xx.o(.text)
    DMA1_Stream0_IRQHandler                  0x0800053f   Thumb Code     0  startup_stm32f4xx.o(.text)
    DMA1_Stream1_IRQHandler                  0x0800053f   Thumb Code     0  startup_stm32f4xx.o(.text)
    DMA1_Stream2_IRQHandler                  0x0800053f   Thumb Code     0  startup_stm32f4xx.o(.text)
    DMA1_Stream3_IRQHandler                  0x0800053f   Thumb Code     0  startup_stm32f4xx.o(.text)
    DMA1_Stream4_IRQHandler                  0x0800053f   Thumb Code     0  startup_stm32f4xx.o(.text)
    DMA1_Stream5_IRQHandler                  0x0800053f   Thumb Code     0  startup_stm32f4xx.o(.text)
    DMA1_Stream6_IRQHandler                  0x0800053f   Thumb Code     0  startup_stm32f4xx.o(.text)
    DMA1_Stream7_IRQHandler                  0x0800053f   Thumb Code     0  startup_stm32f4xx.o(.text)
    DMA2_Stream0_IRQHandler                  0x0800053f   Thumb Code     0  startup_stm32f4xx.o(.text)
    DMA2_Stream1_IRQHandler                  0x0800053f   Thumb Code     0  startup_stm32f4xx.o(.text)
    DMA2_Stream2_IRQHandler                  0x0800053f   Thumb Code     0  startup_stm32f4xx.o(.text)
    DMA2_Stream3_IRQHandler                  0x0800053f   Thumb Code     0  startup_stm32f4xx.o(.text)
    DMA2_Stream4_IRQHandler                  0x0800053f   Thumb Code     0  startup_stm32f4xx.o(.text)
    DMA2_Stream5_IRQHandler                  0x0800053f   Thumb Code     0  startup_stm32f4xx.o(.text)
    DMA2_Stream6_IRQHandler                  0x0800053f   Thumb Code     0  startup_stm32f4xx.o(.text)
    DMA2_Stream7_IRQHandler                  0x0800053f   Thumb Code     0  startup_stm32f4xx.o(.text)
    ETH_IRQHandler                           0x0800053f   Thumb Code     0  startup_stm32f4xx.o(.text)
    ETH_WKUP_IRQHandler                      0x0800053f   Thumb Code     0  startup_stm32f4xx.o(.text)
    EXTI1_IRQHandler                         0x0800053f   Thumb Code     0  startup_stm32f4xx.o(.text)
    EXTI2_IRQHandler                         0x0800053f   Thumb Code     0  startup_stm32f4xx.o(.text)
    EXTI3_IRQHandler                         0x0800053f   Thumb Code     0  startup_stm32f4xx.o(.text)
    EXTI4_IRQHandler                         0x0800053f   Thumb Code     0  startup_stm32f4xx.o(.text)
    EXTI9_5_IRQHandler                       0x0800053f   Thumb Code     0  startup_stm32f4xx.o(.text)
    FLASH_IRQHandler                         0x0800053f   Thumb Code     0  startup_stm32f4xx.o(.text)
    FPU_IRQHandler                           0x0800053f   Thumb Code     0  startup_stm32f4xx.o(.text)
    FSMC_IRQHandler                          0x0800053f   Thumb Code     0  startup_stm32f4xx.o(.text)
    HASH_RNG_IRQHandler                      0x0800053f   Thumb Code     0  startup_stm32f4xx.o(.text)
    I2C1_ER_IRQHandler                       0x0800053f   Thumb Code     0  startup_stm32f4xx.o(.text)
    I2C1_EV_IRQHandler                       0x0800053f   Thumb Code     0  startup_stm32f4xx.o(.text)
    I2C2_ER_IRQHandler                       0x0800053f   Thumb Code     0  startup_stm32f4xx.o(.text)
    I2C2_EV_IRQHandler                       0x0800053f   Thumb Code     0  startup_stm32f4xx.o(.text)
    I2C3_ER_IRQHandler                       0x0800053f   Thumb Code     0  startup_stm32f4xx.o(.text)
    I2C3_EV_IRQHandler                       0x0800053f   Thumb Code     0  startup_stm32f4xx.o(.text)
    OTG_FS_IRQHandler                        0x0800053f   Thumb Code     0  startup_stm32f4xx.o(.text)
    OTG_FS_WKUP_IRQHandler                   0x0800053f   Thumb Code     0  startup_stm32f4xx.o(.text)
    OTG_HS_EP1_IN_IRQHandler                 0x0800053f   Thumb Code     0  startup_stm32f4xx.o(.text)
    OTG_HS_EP1_OUT_IRQHandler                0x0800053f   Thumb Code     0  startup_stm32f4xx.o(.text)
    OTG_HS_IRQHandler                        0x0800053f   Thumb Code     0  startup_stm32f4xx.o(.text)
    OTG_HS_WKUP_IRQHandler                   0x0800053f   Thumb Code     0  startup_stm32f4xx.o(.text)
    PVD_IRQHandler                           0x0800053f   Thumb Code     0  startup_stm32f4xx.o(.text)
    RCC_IRQHandler                           0x0800053f   Thumb Code     0  startup_stm32f4xx.o(.text)
    RTC_Alarm_IRQHandler                     0x0800053f   Thumb Code     0  startup_stm32f4xx.o(.text)
    RTC_WKUP_IRQHandler                      0x0800053f   Thumb Code     0  startup_stm32f4xx.o(.text)
    SDIO_IRQHandler                          0x0800053f   Thumb Code     0  startup_stm32f4xx.o(.text)
    SPI1_IRQHandler                          0x0800053f   Thumb Code     0  startup_stm32f4xx.o(.text)
    SPI2_IRQHandler                          0x0800053f   Thumb Code     0  startup_stm32f4xx.o(.text)
    SPI3_IRQHandler                          0x0800053f   Thumb Code     0  startup_stm32f4xx.o(.text)
    TAMP_STAMP_IRQHandler                    0x0800053f   Thumb Code     0  startup_stm32f4xx.o(.text)
    TIM1_BRK_TIM9_IRQHandler                 0x0800053f   Thumb Code     0  startup_stm32f4xx.o(.text)
    TIM1_CC_IRQHandler                       0x0800053f   Thumb Code     0  startup_stm32f4xx.o(.text)
    TIM1_TRG_COM_TIM11_IRQHandler            0x0800053f   Thumb Code     0  startup_stm32f4xx.o(.text)
    TIM1_UP_TIM10_IRQHandler                 0x0800053f   Thumb Code     0  startup_stm32f4xx.o(.text)
    TIM2_IRQHandler                          0x0800053f   Thumb Code     0  startup_stm32f4xx.o(.text)
    TIM3_IRQHandler                          0x0800053f   Thumb Code     0  startup_stm32f4xx.o(.text)
    TIM4_IRQHandler                          0x0800053f   Thumb Code     0  startup_stm32f4xx.o(.text)
    TIM6_DAC_IRQHandler                      0x0800053f   Thumb Code     0  startup_stm32f4xx.o(.text)
    TIM7_IRQHandler                          0x0800053f   Thumb Code     0  startup_stm32f4xx.o(.text)
    TIM8_BRK_TIM12_IRQHandler                0x0800053f   Thumb Code     0  startup_stm32f4xx.o(.text)
    TIM8_CC_IRQHandler                       0x0800053f   Thumb Code     0  startup_stm32f4xx.o(.text)
    TIM8_TRG_COM_TIM14_IRQHandler            0x0800053f   Thumb Code     0  startup_stm32f4xx.o(.text)
    TIM8_UP_TIM13_IRQHandler                 0x0800053f   Thumb Code     0  startup_stm32f4xx.o(.text)
    UART4_IRQHandler                         0x0800053f   Thumb Code     0  startup_stm32f4xx.o(.text)
    UART5_IRQHandler                         0x0800053f   Thumb Code     0  startup_stm32f4xx.o(.text)
    USART1_IRQHandler                        0x0800053f   Thumb Code     0  startup_stm32f4xx.o(.text)
    USART2_IRQHandler                        0x0800053f   Thumb Code     0  startup_stm32f4xx.o(.text)
    USART3_IRQHandler                        0x0800053f   Thumb Code     0  startup_stm32f4xx.o(.text)
    USART6_IRQHandler                        0x0800053f   Thumb Code     0  startup_stm32f4xx.o(.text)
    WWDG_IRQHandler                          0x0800053f   Thumb Code     0  startup_stm32f4xx.o(.text)
    os_idle_demon                            0x08000549   Thumb Code     4  rtx_conf_cm.o(.text)
    os_error                                 0x0800054d   Thumb Code     4  rtx_conf_cm.o(.text)
    TIM5_IRQHandler                          0x08000551   Thumb Code    32  main.o(.text)
    g2_raw2struct                            0x08000571   Thumb Code   384  main.o(.text)
    g2_struct2raw                            0x080006f1   Thumb Code   112  main.o(.text)
    main                                     0x08000761   Thumb Code   160  main.o(.text)
    thread_master_test                       0x08000801   Thumb Code   106  main.o(.text)
    thread_wireless_master                   0x0800086b   Thumb Code   402  main.o(.text)
    thread_wireless_slave                    0x080009fd   Thumb Code   184  main.o(.text)
    thread_user_input                        0x08000ab5   Thumb Code   498  main.o(.text)
    thread_display                           0x08000ca7   Thumb Code   408  main.o(.text)
    thread_direct_control                    0x08000e3f   Thumb Code   264  main.o(.text)
    thread_mimicking                         0x08000f47   Thumb Code    84  main.o(.text)
    EXTI0_IRQHandler                         0x08000f9b   Thumb Code    36  main.o(.text)
    EXTI15_10_IRQHandler                     0x08000fbf   Thumb Code    22  main.o(.text)
    g2_configure_columns                     0x08000ffd   Thumb Code    54  g2_keypad.o(.text)
    g2_configure_rows                        0x08001033   Thumb Code    52  g2_keypad.o(.text)
    g2_decode_char                           0x08001067   Thumb Code   166  g2_keypad.o(.text)
    g2_poll_columns                          0x0800110d   Thumb Code    78  g2_keypad.o(.text)
    g2_poll_rows                             0x0800115b   Thumb Code    74  g2_keypad.o(.text)
    g2_read_keypad                           0x080011a5   Thumb Code    80  g2_keypad.o(.text)
    g2_keypad_init                           0x080011f5   Thumb Code    70  g2_keypad.o(.text)
    user_button_GPIO_setup                   0x08001241   Thumb Code    48  g2_button.o(.text)
    button_interrupt_setup                   0x08001271   Thumb Code   108  g2_button.o(.text)
    CC2500_SendByte                          0x080012e1   Thumb Code   102  cc2500.o(.text)
    CC2500_Strobe                            0x08001347   Thumb Code    62  cc2500.o(.text)
    CC2500_Write                             0x08001385   Thumb Code    62  cc2500.o(.text)
    CC2500_ChipsetConfig                     0x080013c3   Thumb Code   518  cc2500.o(.text)
    CC2500_LowLevelInit                      0x080015c9   Thumb Code   324  cc2500.o(.text)
    CC2500_Init                              0x0800170d   Thumb Code    12  cc2500.o(.text)
    CC2500_Read                              0x08001719   Thumb Code    70  cc2500.o(.text)
    CC2500_ReadStatusReg                     0x0800175f   Thumb Code    84  cc2500.o(.text)
    servo_setup                              0x080017b9   Thumb Code   138  g2_servo.o(.text)
    servo_setup2                             0x08001843   Thumb Code   138  g2_servo.o(.text)
    turn_to_angle2                           0x080018cd   Thumb Code    82  g2_servo.o(.text)
    turn_to_angle                            0x0800191f   Thumb Code    82  g2_servo.o(.text)
    LCD_Delay                                0x08001985   Thumb Code    14  lcd.o(.text)
    LCD_Enable                               0x08001993   Thumb Code    32  lcd.o(.text)
    LCD_SetDataPins                          0x080019b3   Thumb Code   226  lcd.o(.text)
    LCD_SetRS_COMMAND                        0x08001a95   Thumb Code    12  lcd.o(.text)
    LCD_ReturnHome                           0x08001aa1   Thumb Code    34  lcd.o(.text)
    LCD_ClearDisplay                         0x08001ac3   Thumb Code    34  lcd.o(.text)
    LCD_ConfigureDisplay                     0x08001ae5   Thumb Code    58  lcd.o(.text)
    LCD_Init                                 0x08001b1f   Thumb Code    88  lcd.o(.text)
    LCD_SetRS_DATA                           0x08001b77   Thumb Code    12  lcd.o(.text)
    LCD_SetRW_READ                           0x08001b83   Thumb Code    12  lcd.o(.text)
    LCD_SetRW_WRITE                          0x08001b8f   Thumb Code    12  lcd.o(.text)
    LCD_ConfigureSettings                    0x08001b9b   Thumb Code   142  lcd.o(.text)
    LCD_SetDisplayAddress                    0x08001c29   Thumb Code    48  lcd.o(.text)
    LCD_WriteChar                            0x08001c59   Thumb Code    74  lcd.o(.text)
    LCD_WriteString                          0x08001ca3   Thumb Code    26  lcd.o(.text)
    atan_table                               0x08001cc5   Thumb Code   246  atan_lut.o(.text)
    shift_in_value                           0x08001dcd   Thumb Code    50  g2_filtering.o(.text)
    shift_in_float_value                     0x08001dff   Thumb Code    92  g2_filtering.o(.text)
    zero_initialize                          0x08001e5b   Thumb Code    20  g2_filtering.o(.text)
    g2_LIS3DSH_setup                         0x08001e71   Thumb Code    56  g2_mems.o(.text)
    update_orientation                       0x08001ea9   Thumb Code   122  g2_mems.o(.text)
    get_pitch                                0x08001f23   Thumb Code   140  g2_mems.o(.text)
    get_roll                                 0x08001faf   Thumb Code   140  g2_mems.o(.text)
    calibrate_mems_sensor                    0x0800203b   Thumb Code   338  g2_mems.o(.text)
    MEMS_TIM5_Configuration                  0x0800218d   Thumb Code   120  g2_mems.o(.text)
    LIS3DSH_TIMEOUT_UserCallback             0x08002235   Thumb Code     4  lis3dsh.o(.text)
    LIS3DSH_Write                            0x080022a3   Thumb Code    58  lis3dsh.o(.text)
    LIS3DSH_Init                             0x08002403   Thumb Code    58  lis3dsh.o(.text)
    LIS3DSH_Read                             0x0800243d   Thumb Code    66  lis3dsh.o(.text)
    LIS3DSH_DataReadyInterruptConfig         0x0800247f   Thumb Code    42  lis3dsh.o(.text)
    LIS3DSH_LowpowerCmd                      0x080024a9   Thumb Code    40  lis3dsh.o(.text)
    LIS3DSH_DataRateCmd                      0x080024d1   Thumb Code    44  lis3dsh.o(.text)
    LIS3DSH_FullScaleCmd                     0x080024fd   Thumb Code    44  lis3dsh.o(.text)
    LIS3DSH_ReadACC                          0x08002529   Thumb Code   678  lis3dsh.o(.text)
    NVIC_PriorityGroupConfig                 0x080027f1   Thumb Code    10  misc.o(.text)
    NVIC_Init                                0x080027fb   Thumb Code   108  misc.o(.text)
    NVIC_SetVectorTable                      0x08002867   Thumb Code    14  misc.o(.text)
    NVIC_SystemLPConfig                      0x08002875   Thumb Code    34  misc.o(.text)
    SysTick_CLKSourceConfig                  0x08002897   Thumb Code    40  misc.o(.text)
    EXTI_DeInit                              0x080028d5   Thumb Code    28  stm32f4xx_exti.o(.text)
    EXTI_Init                                0x080028f1   Thumb Code   142  stm32f4xx_exti.o(.text)
    EXTI_StructInit                          0x0800297f   Thumb Code    16  stm32f4xx_exti.o(.text)
    EXTI_GenerateSWInterrupt                 0x0800298f   Thumb Code    16  stm32f4xx_exti.o(.text)
    EXTI_GetFlagStatus                       0x0800299f   Thumb Code    22  stm32f4xx_exti.o(.text)
    EXTI_ClearFlag                           0x080029b5   Thumb Code     8  stm32f4xx_exti.o(.text)
    EXTI_GetITStatus                         0x080029bd   Thumb Code    34  stm32f4xx_exti.o(.text)
    EXTI_ClearITPendingBit                   0x080029df   Thumb Code     8  stm32f4xx_exti.o(.text)
    GPIO_DeInit                              0x080029f1   Thumb Code   220  stm32f4xx_gpio.o(.text)
    GPIO_Init                                0x08002acd   Thumb Code   144  stm32f4xx_gpio.o(.text)
    GPIO_StructInit                          0x08002b5d   Thumb Code    18  stm32f4xx_gpio.o(.text)
    GPIO_PinLockConfig                       0x08002b6f   Thumb Code    34  stm32f4xx_gpio.o(.text)
    GPIO_ReadInputDataBit                    0x08002b91   Thumb Code    18  stm32f4xx_gpio.o(.text)
    GPIO_ReadInputData                       0x08002ba3   Thumb Code     8  stm32f4xx_gpio.o(.text)
    GPIO_ReadOutputDataBit                   0x08002bab   Thumb Code    18  stm32f4xx_gpio.o(.text)
    GPIO_ReadOutputData                      0x08002bbd   Thumb Code     8  stm32f4xx_gpio.o(.text)
    GPIO_SetBits                             0x08002bc5   Thumb Code     4  stm32f4xx_gpio.o(.text)
    GPIO_ResetBits                           0x08002bc9   Thumb Code     4  stm32f4xx_gpio.o(.text)
    GPIO_WriteBit                            0x08002bcd   Thumb Code    10  stm32f4xx_gpio.o(.text)
    GPIO_Write                               0x08002bd7   Thumb Code     4  stm32f4xx_gpio.o(.text)
    GPIO_ToggleBits                          0x08002bdb   Thumb Code     8  stm32f4xx_gpio.o(.text)
    GPIO_PinAFConfig                         0x08002be3   Thumb Code    70  stm32f4xx_gpio.o(.text)
    RCC_DeInit                               0x08002c4d   Thumb Code    60  stm32f4xx_rcc.o(.text)
    RCC_HSEConfig                            0x08002c89   Thumb Code    14  stm32f4xx_rcc.o(.text)
    RCC_GetFlagStatus                        0x08002c97   Thumb Code    60  stm32f4xx_rcc.o(.text)
    RCC_WaitForHSEStartUp                    0x08002cd3   Thumb Code    56  stm32f4xx_rcc.o(.text)
    RCC_AdjustHSICalibrationValue            0x08002d0b   Thumb Code    20  stm32f4xx_rcc.o(.text)
    RCC_HSICmd                               0x08002d1f   Thumb Code     6  stm32f4xx_rcc.o(.text)
    RCC_LSEConfig                            0x08002d25   Thumb Code    46  stm32f4xx_rcc.o(.text)
    RCC_LSICmd                               0x08002d53   Thumb Code     6  stm32f4xx_rcc.o(.text)
    RCC_PLLConfig                            0x08002d59   Thumb Code    32  stm32f4xx_rcc.o(.text)
    RCC_PLLCmd                               0x08002d79   Thumb Code     6  stm32f4xx_rcc.o(.text)
    RCC_PLLI2SConfig                         0x08002d7f   Thumb Code    14  stm32f4xx_rcc.o(.text)
    RCC_PLLI2SCmd                            0x08002d8d   Thumb Code     6  stm32f4xx_rcc.o(.text)
    RCC_ClockSecuritySystemCmd               0x08002d93   Thumb Code     6  stm32f4xx_rcc.o(.text)
    RCC_MCO1Config                           0x08002d99   Thumb Code    28  stm32f4xx_rcc.o(.text)
    RCC_MCO2Config                           0x08002db5   Thumb Code    28  stm32f4xx_rcc.o(.text)
    RCC_SYSCLKConfig                         0x08002dd1   Thumb Code    20  stm32f4xx_rcc.o(.text)
    RCC_GetSYSCLKSource                      0x08002de5   Thumb Code    12  stm32f4xx_rcc.o(.text)
    RCC_HCLKConfig                           0x08002df1   Thumb Code    20  stm32f4xx_rcc.o(.text)
    RCC_PCLK1Config                          0x08002e05   Thumb Code    20  stm32f4xx_rcc.o(.text)
    RCC_PCLK2Config                          0x08002e19   Thumb Code    22  stm32f4xx_rcc.o(.text)
    RCC_GetClocksFreq                        0x08002e2f   Thumb Code   222  stm32f4xx_rcc.o(.text)
    RCC_RTCCLKConfig                         0x08002f0d   Thumb Code    54  stm32f4xx_rcc.o(.text)
    RCC_RTCCLKCmd                            0x08002f43   Thumb Code     8  stm32f4xx_rcc.o(.text)
    RCC_BackupResetCmd                       0x08002f4b   Thumb Code     8  stm32f4xx_rcc.o(.text)
    RCC_I2SCLKConfig                         0x08002f53   Thumb Code     6  stm32f4xx_rcc.o(.text)
    RCC_AHB1PeriphClockCmd                   0x08002f59   Thumb Code    34  stm32f4xx_rcc.o(.text)
    RCC_AHB2PeriphClockCmd                   0x08002f7b   Thumb Code    34  stm32f4xx_rcc.o(.text)
    RCC_AHB3PeriphClockCmd                   0x08002f9d   Thumb Code    34  stm32f4xx_rcc.o(.text)
    RCC_APB1PeriphClockCmd                   0x08002fbf   Thumb Code    34  stm32f4xx_rcc.o(.text)
    RCC_APB2PeriphClockCmd                   0x08002fe1   Thumb Code    34  stm32f4xx_rcc.o(.text)
    RCC_AHB1PeriphResetCmd                   0x08003003   Thumb Code    34  stm32f4xx_rcc.o(.text)
    RCC_AHB2PeriphResetCmd                   0x08003025   Thumb Code    72  stm32f4xx_rcc.o(.text)
    RCC_AHB3PeriphResetCmd                   0x0800306d   Thumb Code    34  stm32f4xx_rcc.o(.text)
    RCC_APB1PeriphResetCmd                   0x0800308f   Thumb Code    34  stm32f4xx_rcc.o(.text)
    RCC_APB2PeriphResetCmd                   0x080030b1   Thumb Code    34  stm32f4xx_rcc.o(.text)
    RCC_AHB1PeriphClockLPModeCmd             0x080030d3   Thumb Code    34  stm32f4xx_rcc.o(.text)
    RCC_AHB2PeriphClockLPModeCmd             0x080030f5   Thumb Code    34  stm32f4xx_rcc.o(.text)
    RCC_AHB3PeriphClockLPModeCmd             0x08003117   Thumb Code    34  stm32f4xx_rcc.o(.text)
    RCC_APB1PeriphClockLPModeCmd             0x08003139   Thumb Code    34  stm32f4xx_rcc.o(.text)
    RCC_APB2PeriphClockLPModeCmd             0x0800315b   Thumb Code    34  stm32f4xx_rcc.o(.text)
    RCC_ITConfig                             0x0800317d   Thumb Code    34  stm32f4xx_rcc.o(.text)
    RCC_ClearFlag                            0x0800319f   Thumb Code    18  stm32f4xx_rcc.o(.text)
    RCC_GetITStatus                          0x080031b1   Thumb Code    22  stm32f4xx_rcc.o(.text)
    RCC_ClearITPendingBit                    0x080031c7   Thumb Code     8  stm32f4xx_rcc.o(.text)
    SPI_I2S_DeInit                           0x080031d5   Thumb Code    76  stm32f4xx_spi.o(.text)
    SPI_Init                                 0x08003221   Thumb Code    60  stm32f4xx_spi.o(.text)
    I2S_Init                                 0x0800325d   Thumb Code   346  stm32f4xx_spi.o(.text)
    SPI_StructInit                           0x080033b7   Thumb Code    24  stm32f4xx_spi.o(.text)
    I2S_StructInit                           0x080033cf   Thumb Code    20  stm32f4xx_spi.o(.text)
    SPI_Cmd                                  0x080033e3   Thumb Code    24  stm32f4xx_spi.o(.text)
    I2S_Cmd                                  0x080033fb   Thumb Code    24  stm32f4xx_spi.o(.text)
    SPI_DataSizeConfig                       0x08003413   Thumb Code    18  stm32f4xx_spi.o(.text)
    SPI_BiDirectionalLineConfig              0x08003425   Thumb Code    28  stm32f4xx_spi.o(.text)
    SPI_NSSInternalSoftwareConfig            0x08003441   Thumb Code    30  stm32f4xx_spi.o(.text)
    SPI_SSOutputCmd                          0x0800345f   Thumb Code    24  stm32f4xx_spi.o(.text)
    SPI_TIModeCmd                            0x08003477   Thumb Code    24  stm32f4xx_spi.o(.text)
    I2S_FullDuplexConfig                     0x0800348f   Thumb Code    80  stm32f4xx_spi.o(.text)
    SPI_I2S_ReceiveData                      0x080034df   Thumb Code     6  stm32f4xx_spi.o(.text)
    SPI_I2S_SendData                         0x080034e5   Thumb Code     4  stm32f4xx_spi.o(.text)
    SPI_CalculateCRC                         0x080034e9   Thumb Code    24  stm32f4xx_spi.o(.text)
    SPI_TransmitCRC                          0x08003501   Thumb Code    10  stm32f4xx_spi.o(.text)
    SPI_GetCRC                               0x0800350b   Thumb Code    16  stm32f4xx_spi.o(.text)
    SPI_GetCRCPolynomial                     0x0800351b   Thumb Code     6  stm32f4xx_spi.o(.text)
    SPI_I2S_DMACmd                           0x08003521   Thumb Code    18  stm32f4xx_spi.o(.text)
    SPI_I2S_ITConfig                         0x08003533   Thumb Code    32  stm32f4xx_spi.o(.text)
    SPI_I2S_GetFlagStatus                    0x08003553   Thumb Code    18  stm32f4xx_spi.o(.text)
    SPI_I2S_ClearFlag                        0x08003565   Thumb Code     6  stm32f4xx_spi.o(.text)
    SPI_I2S_GetITStatus                      0x0800356b   Thumb Code    52  stm32f4xx_spi.o(.text)
    SPI_I2S_ClearITPendingBit                0x0800359f   Thumb Code    20  stm32f4xx_spi.o(.text)
    SYSCFG_DeInit                            0x080035c9   Thumb Code    22  stm32f4xx_syscfg.o(.text)
    SYSCFG_MemoryRemapConfig                 0x080035df   Thumb Code     6  stm32f4xx_syscfg.o(.text)
    SYSCFG_EXTILineConfig                    0x080035e5   Thumb Code    66  stm32f4xx_syscfg.o(.text)
    SYSCFG_ETH_MediaInterfaceConfig          0x08003627   Thumb Code     6  stm32f4xx_syscfg.o(.text)
    SYSCFG_CompensationCellCmd               0x0800362d   Thumb Code     6  stm32f4xx_syscfg.o(.text)
    SYSCFG_GetCompensationCellStatus         0x08003633   Thumb Code    22  stm32f4xx_syscfg.o(.text)
    TIM_DeInit                               0x08003655   Thumb Code   346  stm32f4xx_tim.o(.text)
    TIM_TimeBaseInit                         0x080037af   Thumb Code   104  stm32f4xx_tim.o(.text)
    TIM_TimeBaseStructInit                   0x08003817   Thumb Code    18  stm32f4xx_tim.o(.text)
    TIM_PrescalerConfig                      0x08003829   Thumb Code     6  stm32f4xx_tim.o(.text)
    TIM_CounterModeConfig                    0x0800382f   Thumb Code    18  stm32f4xx_tim.o(.text)
    TIM_SetCounter                           0x08003841   Thumb Code     4  stm32f4xx_tim.o(.text)
    TIM_SetAutoreload                        0x08003845   Thumb Code     4  stm32f4xx_tim.o(.text)
    TIM_GetCounter                           0x08003849   Thumb Code     6  stm32f4xx_tim.o(.text)
    TIM_GetPrescaler                         0x0800384f   Thumb Code     6  stm32f4xx_tim.o(.text)
    TIM_UpdateDisableConfig                  0x08003855   Thumb Code    24  stm32f4xx_tim.o(.text)
    TIM_UpdateRequestConfig                  0x0800386d   Thumb Code    24  stm32f4xx_tim.o(.text)
    TIM_ARRPreloadConfig                     0x08003885   Thumb Code    24  stm32f4xx_tim.o(.text)
    TIM_SelectOnePulseMode                   0x0800389d   Thumb Code    18  stm32f4xx_tim.o(.text)
    TIM_SetClockDivision                     0x080038af   Thumb Code    18  stm32f4xx_tim.o(.text)
    TIM_Cmd                                  0x080038c1   Thumb Code    24  stm32f4xx_tim.o(.text)
    TIM_OC1Init                              0x080038d9   Thumb Code   114  stm32f4xx_tim.o(.text)
    TIM_OC2Init                              0x0800394b   Thumb Code   154  stm32f4xx_tim.o(.text)
    TIM_OC3Init                              0x080039e5   Thumb Code   204  stm32f4xx_tim.o(.text)
    TIM_OC4Init                              0x08003ab1   Thumb Code   112  stm32f4xx_tim.o(.text)
    TIM_OCStructInit                         0x08003b21   Thumb Code    20  stm32f4xx_tim.o(.text)
    TIM_SelectOCxM                           0x08003b35   Thumb Code    86  stm32f4xx_tim.o(.text)
    TIM_SetCompare1                          0x08003b8b   Thumb Code     4  stm32f4xx_tim.o(.text)
    TIM_SetCompare2                          0x08003b8f   Thumb Code     4  stm32f4xx_tim.o(.text)
    TIM_SetCompare3                          0x08003b93   Thumb Code     4  stm32f4xx_tim.o(.text)
    TIM_SetCompare4                          0x08003b97   Thumb Code     4  stm32f4xx_tim.o(.text)
    TIM_ForcedOC1Config                      0x08003b9b   Thumb Code    18  stm32f4xx_tim.o(.text)
    TIM_ForcedOC2Config                      0x08003bad   Thumb Code    26  stm32f4xx_tim.o(.text)
    TIM_ForcedOC3Config                      0x08003bc7   Thumb Code    18  stm32f4xx_tim.o(.text)
    TIM_ForcedOC4Config                      0x08003bd9   Thumb Code    26  stm32f4xx_tim.o(.text)
    TIM_OC1PreloadConfig                     0x08003bf3   Thumb Code    18  stm32f4xx_tim.o(.text)
    TIM_OC2PreloadConfig                     0x08003c05   Thumb Code    26  stm32f4xx_tim.o(.text)
    TIM_OC3PreloadConfig                     0x08003c1f   Thumb Code    18  stm32f4xx_tim.o(.text)
    TIM_OC4PreloadConfig                     0x08003c31   Thumb Code    26  stm32f4xx_tim.o(.text)
    TIM_OC1FastConfig                        0x08003c4b   Thumb Code    18  stm32f4xx_tim.o(.text)
    TIM_OC2FastConfig                        0x08003c5d   Thumb Code    26  stm32f4xx_tim.o(.text)
    TIM_OC3FastConfig                        0x08003c77   Thumb Code    18  stm32f4xx_tim.o(.text)
    TIM_OC4FastConfig                        0x08003c89   Thumb Code    26  stm32f4xx_tim.o(.text)
    TIM_ClearOC1Ref                          0x08003ca3   Thumb Code    18  stm32f4xx_tim.o(.text)
    TIM_ClearOC2Ref                          0x08003cb5   Thumb Code    24  stm32f4xx_tim.o(.text)
    TIM_ClearOC3Ref                          0x08003ccd   Thumb Code    18  stm32f4xx_tim.o(.text)
    TIM_ClearOC4Ref                          0x08003cdf   Thumb Code    24  stm32f4xx_tim.o(.text)
    TIM_OC1PolarityConfig                    0x08003cf7   Thumb Code    18  stm32f4xx_tim.o(.text)
    TIM_OC1NPolarityConfig                   0x08003d09   Thumb Code    18  stm32f4xx_tim.o(.text)
    TIM_OC2PolarityConfig                    0x08003d1b   Thumb Code    26  stm32f4xx_tim.o(.text)
    TIM_OC2NPolarityConfig                   0x08003d35   Thumb Code    26  stm32f4xx_tim.o(.text)
    TIM_OC3PolarityConfig                    0x08003d4f   Thumb Code    26  stm32f4xx_tim.o(.text)
    TIM_OC3NPolarityConfig                   0x08003d69   Thumb Code    26  stm32f4xx_tim.o(.text)
    TIM_OC4PolarityConfig                    0x08003d83   Thumb Code    26  stm32f4xx_tim.o(.text)
    TIM_CCxCmd                               0x08003d9d   Thumb Code    30  stm32f4xx_tim.o(.text)
    TIM_CCxNCmd                              0x08003dbb   Thumb Code    30  stm32f4xx_tim.o(.text)
    TIM_SetIC4Prescaler                      0x08003dd9   Thumb Code    26  stm32f4xx_tim.o(.text)
    TIM_SetIC3Prescaler                      0x08003e43   Thumb Code    18  stm32f4xx_tim.o(.text)
    TIM_SetIC2Prescaler                      0x08003e9d   Thumb Code    26  stm32f4xx_tim.o(.text)
    TIM_SetIC1Prescaler                      0x08003f11   Thumb Code    18  stm32f4xx_tim.o(.text)
    TIM_ICInit                               0x08003f5d   Thumb Code   110  stm32f4xx_tim.o(.text)
    TIM_ICStructInit                         0x08003fcb   Thumb Code    18  stm32f4xx_tim.o(.text)
    TIM_PWMIConfig                           0x08003fdd   Thumb Code   124  stm32f4xx_tim.o(.text)
    TIM_GetCapture1                          0x08004059   Thumb Code     6  stm32f4xx_tim.o(.text)
    TIM_GetCapture2                          0x0800405f   Thumb Code     6  stm32f4xx_tim.o(.text)
    TIM_GetCapture3                          0x08004065   Thumb Code     6  stm32f4xx_tim.o(.text)
    TIM_GetCapture4                          0x0800406b   Thumb Code     6  stm32f4xx_tim.o(.text)
    TIM_BDTRConfig                           0x08004071   Thumb Code    32  stm32f4xx_tim.o(.text)
    TIM_BDTRStructInit                       0x08004091   Thumb Code    18  stm32f4xx_tim.o(.text)
    TIM_CtrlPWMOutputs                       0x080040a3   Thumb Code    30  stm32f4xx_tim.o(.text)
    TIM_SelectCOM                            0x080040c1   Thumb Code    24  stm32f4xx_tim.o(.text)
    TIM_CCPreloadControl                     0x080040d9   Thumb Code    24  stm32f4xx_tim.o(.text)
    TIM_ITConfig                             0x080040f1   Thumb Code    18  stm32f4xx_tim.o(.text)
    TIM_GenerateEvent                        0x08004103   Thumb Code     4  stm32f4xx_tim.o(.text)
    TIM_GetFlagStatus                        0x08004107   Thumb Code    18  stm32f4xx_tim.o(.text)
    TIM_ClearFlag                            0x08004119   Thumb Code     6  stm32f4xx_tim.o(.text)
    TIM_GetITStatus                          0x0800411f   Thumb Code    34  stm32f4xx_tim.o(.text)
    TIM_ClearITPendingBit                    0x08004141   Thumb Code     6  stm32f4xx_tim.o(.text)
    TIM_DMAConfig                            0x08004147   Thumb Code    10  stm32f4xx_tim.o(.text)
    TIM_DMACmd                               0x08004151   Thumb Code    18  stm32f4xx_tim.o(.text)
    TIM_SelectCCDMA                          0x08004163   Thumb Code    24  stm32f4xx_tim.o(.text)
    TIM_InternalClockConfig                  0x0800417b   Thumb Code    12  stm32f4xx_tim.o(.text)
    TIM_SelectInputTrigger                   0x08004187   Thumb Code    18  stm32f4xx_tim.o(.text)
    TIM_ITRxExternalClockConfig              0x08004199   Thumb Code    24  stm32f4xx_tim.o(.text)
    TIM_TIxExternalClockConfig               0x080041b1   Thumb Code    62  stm32f4xx_tim.o(.text)
    TIM_ETRConfig                            0x080041ef   Thumb Code    28  stm32f4xx_tim.o(.text)
    TIM_ETRClockMode1Config                  0x0800420b   Thumb Code    54  stm32f4xx_tim.o(.text)
    TIM_ETRClockMode2Config                  0x08004241   Thumb Code    32  stm32f4xx_tim.o(.text)
    TIM_SelectOutputTrigger                  0x08004261   Thumb Code    18  stm32f4xx_tim.o(.text)
    TIM_SelectSlaveMode                      0x08004273   Thumb Code    18  stm32f4xx_tim.o(.text)
    TIM_SelectMasterSlaveMode                0x08004285   Thumb Code    18  stm32f4xx_tim.o(.text)
    TIM_EncoderInterfaceConfig               0x08004297   Thumb Code    66  stm32f4xx_tim.o(.text)
    TIM_SelectHallSensor                     0x080042d9   Thumb Code    24  stm32f4xx_tim.o(.text)
    TIM_RemapConfig                          0x080042f1   Thumb Code     6  stm32f4xx_tim.o(.text)
    __aeabi_memset                           0x080042f7   Thumb Code    14  memseta.o(.text)
    __aeabi_memset4                          0x080042f7   Thumb Code     0  memseta.o(.text)
    __aeabi_memset8                          0x080042f7   Thumb Code     0  memseta.o(.text)
    __aeabi_memclr                           0x08004305   Thumb Code     4  memseta.o(.text)
    __aeabi_memclr4                          0x08004305   Thumb Code     0  memseta.o(.text)
    __aeabi_memclr8                          0x08004305   Thumb Code     0  memseta.o(.text)
    _memset$wrapper                          0x08004309   Thumb Code    18  memseta.o(.text)
    strncpy                                  0x0800431b   Thumb Code    24  strncpy.o(.text)
    atoi                                     0x08004333   Thumb Code    26  atoi.o(.text)
    __aeabi_dmul                             0x0800434d   Thumb Code   228  dmul.o(.text)
    __aeabi_ddiv                             0x08004431   Thumb Code   222  ddiv.o(.text)
    __aeabi_f2d                              0x0800450f   Thumb Code    38  f2d.o(.text)
    __aeabi_cdcmpeq                          0x08004535   Thumb Code     0  cdcmple.o(.text)
    __aeabi_cdcmple                          0x08004535   Thumb Code    38  cdcmple.o(.text)
    __aeabi_d2f                              0x0800455d   Thumb Code    56  d2f.o(.text)
    strtol                                   0x08004595   Thumb Code   112  strtol.o(.text)
    __I$use$fp                               0x08004605   Thumb Code     0  iusefp.o(.text)
    _float_round                             0x08004605   Thumb Code    18  fepilogue.o(.text)
    _float_epilogue                          0x08004617   Thumb Code    90  fepilogue.o(.text)
    _double_round                            0x08004671   Thumb Code    26  depilogue.o(.text)
    _double_epilogue                         0x0800468b   Thumb Code   164  depilogue.o(.text)
    _dsqrt                                   0x0800472f   Thumb Code   162  dsqrt.o(.text)
    __scatterload                            0x080047d1   Thumb Code    28  init.o(.text)
    __scatterload_rt2                        0x080047d1   Thumb Code     0  init.o(.text)
    __aeabi_llsl                             0x080047f5   Thumb Code    30  llshl.o(.text)
    _ll_shift_l                              0x080047f5   Thumb Code     0  llshl.o(.text)
    __aeabi_llsr                             0x08004813   Thumb Code    32  llushr.o(.text)
    _ll_ushift_r                             0x08004813   Thumb Code     0  llushr.o(.text)
    __rt_ctype_table                         0x08004835   Thumb Code     4  ctype_o.o(.text)
    _strtoul                                 0x0800483d   Thumb Code   158  _strtoul.o(.text)
    _chval                                   0x080048db   Thumb Code    28  _chval.o(.text)
    SVC_Count                                0x080048f8   Data           4  SVC_Table.o(SVC_TABLE)
    SVC_Table                                0x080048fc   Data           0  SVC_Table.o(SVC_TABLE)
    __aeabi_errno_addr                       0x080048fd   Thumb Code     4  errno.o(i.__aeabi_errno_addr)
    __rt_errno_addr                          0x080048fd   Thumb Code     0  errno.o(i.__aeabi_errno_addr)
    __hardfp_fabs                            0x08004905   Thumb Code    20  fabs.o(i.__hardfp_fabs)
    __hardfp_sqrt                            0x08004919   Thumb Code   122  sqrt.o(i.__hardfp_sqrt)
    __scatterload_copy                       0x08004993   Thumb Code    14  handlers.o(i.__scatterload_copy)
    __scatterload_null                       0x080049a1   Thumb Code     2  handlers.o(i.__scatterload_null)
    __scatterload_zeroinit                   0x080049a3   Thumb Code    14  handlers.o(i.__scatterload_zeroinit)
    __set_errno                              0x080049b1   Thumb Code     6  errno.o(i.__set_errno)
    _init_box                                0x080049bd   Thumb Code    70  rt_membox.o(i._init_box)
    dbg_init                                 0x08004a05   Thumb Code    34  hal_cm.o(i.dbg_init)
    dbg_task_notify                          0x08004a35   Thumb Code    32  hal_cm.o(i.dbg_task_notify)
    dbg_task_switch                          0x08004a55   Thumb Code    16  hal_cm.o(i.dbg_task_switch)
    isr_evt_set                              0x08004a91   Thumb Code    34  rt_event.o(i.isr_evt_set)
    isr_mbx_receive                          0x08004ab9   Thumb Code    80  rt_mailbox.o(i.isr_mbx_receive)
    isr_mbx_send                             0x08004b09   Thumb Code    14  rt_mailbox.o(i.isr_mbx_send)
    osDelay                                  0x08004b19   Thumb Code    18  rt_cmsis.o(i.osDelay)
    osKernelStart                            0x08004b31   Thumb Code    94  rt_cmsis.o(i.osKernelStart)
    osMailAlloc                              0x08004b99   Thumb Code    26  rt_cmsis.o(i.osMailAlloc)
    osMailCreate                             0x08004bb9   Thumb Code    18  rt_cmsis.o(i.osMailCreate)
    osMailFree                               0x08004bd1   Thumb Code    22  rt_cmsis.o(i.osMailFree)
    osMailGet                                0x08004bed   Thumb Code    22  rt_cmsis.o(i.osMailGet)
    osMailPut                                0x08004c03   Thumb Code    14  rt_cmsis.o(i.osMailPut)
    osMessageGet                             0x08004c11   Thumb Code    64  rt_cmsis.o(i.osMessageGet)
    osMessagePut                             0x08004c55   Thumb Code    18  rt_cmsis.o(i.osMessagePut)
    osMutexCreate                            0x08004c6d   Thumb Code    18  rt_cmsis.o(i.osMutexCreate)
    osMutexRelease                           0x08004c85   Thumb Code    18  rt_cmsis.o(i.osMutexRelease)
    osMutexWait                              0x08004c9d   Thumb Code    18  rt_cmsis.o(i.osMutexWait)
    osSignalSet                              0x08004cb5   Thumb Code    48  rt_cmsis.o(i.osSignalSet)
    osSignalWait                             0x08004ce9   Thumb Code    18  rt_cmsis.o(i.osSignalWait)
    osThreadCreate                           0x08004d01   Thumb Code    18  rt_cmsis.o(i.osThreadCreate)
    osThreadExit                             0x08004d19   Thumb Code    14  rt_cmsis.o(i.osThreadExit)
    osTimerCall                              0x08004d31   Thumb Code     8  rt_cmsis.o(i.osTimerCall)
    osTimerThread                            0x08004d3d   Thumb Code    38  rt_cmsis.o(i.osTimerThread)
    rt_alloc_box                             0x08004d69   Thumb Code    28  rt_membox.o(i.rt_alloc_box)
    rt_alloc_mem                             0x08004d85   Thumb Code    60  rt_memory.o(i.rt_alloc_mem)
    rt_block                                 0x08004dc1   Thumb Code    48  rt_task.o(i.rt_block)
    rt_chk_robin                             0x08004df9   Thumb Code    58  rt_robin.o(i.rt_chk_robin)
    rt_dec_dly                               0x08004e55   Thumb Code   102  rt_list.o(i.rt_dec_dly)
    rt_dispatch                              0x08004ec5   Thumb Code    60  rt_task.o(i.rt_dispatch)
    rt_dly_wait                              0x08004f09   Thumb Code     6  rt_time.o(i.rt_dly_wait)
    rt_evt_psh                               0x08004f11   Thumb Code    76  rt_event.o(i.rt_evt_psh)
    rt_evt_set                               0x08004f61   Thumb Code    88  rt_event.o(i.rt_evt_set)
    rt_evt_wait                              0x08004fbd   Thumb Code    58  rt_event.o(i.rt_evt_wait)
    rt_free_box                              0x08004ffd   Thumb Code    32  rt_membox.o(i.rt_free_box)
    rt_free_mem                              0x0800501d   Thumb Code    40  rt_memory.o(i.rt_free_mem)
    rt_get_first                             0x08005045   Thumb Code    40  rt_list.o(i.rt_get_first)
    rt_init_mem                              0x080050b5   Thumb Code    26  rt_memory.o(i.rt_init_mem)
    rt_init_robin                            0x080050d1   Thumb Code    14  rt_robin.o(i.rt_init_robin)
    rt_init_stack                            0x080050e9   Thumb Code    70  hal_cm.o(i.rt_init_stack)
    rt_mbx_check                             0x08005139   Thumb Code     8  rt_mailbox.o(i.rt_mbx_check)
    rt_mbx_init                              0x08005141   Thumb Code    26  rt_mailbox.o(i.rt_mbx_init)
    rt_mbx_psh                               0x0800515d   Thumb Code   248  rt_mailbox.o(i.rt_mbx_psh)
    rt_mbx_send                              0x08005259   Thumb Code   166  rt_mailbox.o(i.rt_mbx_send)
    rt_mbx_wait                              0x08005305   Thumb Code   174  rt_mailbox.o(i.rt_mbx_wait)
    rt_mut_init                              0x080053f5   Thumb Code    16  rt_mutex.o(i.rt_mut_init)
    rt_mut_release                           0x08005405   Thumb Code   150  rt_mutex.o(i.rt_mut_release)
    rt_mut_wait                              0x080054a5   Thumb Code    96  rt_mutex.o(i.rt_mut_wait)
    rt_pop_req                               0x08005509   Thumb Code   106  rt_system.o(i.rt_pop_req)
    rt_psh_req                               0x08005581   Thumb Code    22  rt_system.o(i.rt_psh_req)
    rt_psq_enq                               0x080055a1   Thumb Code    82  rt_list.o(i.rt_psq_enq)
    rt_put_dly                               0x080055f9   Thumb Code    88  rt_list.o(i.rt_put_dly)
    rt_put_prio                              0x08005655   Thumb Code    56  rt_list.o(i.rt_put_prio)
    rt_put_rdy_first                         0x0800568d   Thumb Code    14  rt_list.o(i.rt_put_rdy_first)
    rt_resort_prio                           0x080056a1   Thumb Code    46  rt_list.o(i.rt_resort_prio)
    rt_ret_val                               0x080056e5   Thumb Code    12  hal_cm.o(i.rt_ret_val)
    rt_ret_val2                              0x080056f1   Thumb Code    16  hal_cm.o(i.rt_ret_val2)
    rt_rmv_dly                               0x08005701   Thumb Code    40  rt_list.o(i.rt_rmv_dly)
    rt_rmv_list                              0x08005729   Thumb Code    44  rt_list.o(i.rt_rmv_list)
    rt_sem_psh                               0x08005759   Thumb Code    48  rt_semaphore.o(i.rt_sem_psh)
    rt_stk_check                             0x0800578d   Thumb Code    28  rt_system.o(i.rt_stk_check)
    rt_switch_req                            0x080057b1   Thumb Code    30  rt_task.o(i.rt_switch_req)
    rt_sys_init                              0x080057d9   Thumb Code   242  rt_task.o(i.rt_sys_init)
    rt_systick                               0x08005919   Thumb Code    48  rt_system.o(i.rt_systick)
    rt_tsk_create                            0x080059a5   Thumb Code   112  rt_task.o(i.rt_tsk_create)
    rt_tsk_delete                            0x08005a25   Thumb Code   146  rt_task.o(i.rt_tsk_delete)
    rt_tsk_self                              0x08005ad1   Thumb Code    12  rt_task.o(i.rt_tsk_self)
    svcDelay                                 0x08005ae1   Thumb Code    20  rt_cmsis.o(i.svcDelay)
    svcKernelStart                           0x08005af5   Thumb Code   174  rt_cmsis.o(i.svcKernelStart)
    svcMailCreate                            0x08005bc9   Thumb Code    66  rt_cmsis.o(i.svcMailCreate)
    svcMessageCreate                         0x08005c0b   Thumb Code    36  rt_cmsis.o(i.svcMessageCreate)
    svcMessageGet                            0x08005c2f   Thumb Code    58  rt_cmsis.o(i.svcMessageGet)
    svcMessagePut                            0x08005c69   Thumb Code    54  rt_cmsis.o(i.svcMessagePut)
    svcMutexCreate                           0x08005c9f   Thumb Code    28  rt_cmsis.o(i.svcMutexCreate)
    svcMutexRelease                          0x08005cbb   Thumb Code    34  rt_cmsis.o(i.svcMutexRelease)
    svcMutexWait                             0x08005cdd   Thumb Code    54  rt_cmsis.o(i.svcMutexWait)
    svcSignalSet                             0x08005d13   Thumb Code    36  rt_cmsis.o(i.svcSignalSet)
    svcSignalWait                            0x08005d39   Thumb Code    80  rt_cmsis.o(i.svcSignalWait)
    svcThreadCreate                          0x08005d8d   Thumb Code   100  rt_cmsis.o(i.svcThreadCreate)
    svcThreadGetId                           0x08005dfd   Thumb Code    22  rt_cmsis.o(i.svcThreadGetId)
    svcThreadTerminate                       0x08005e19   Thumb Code    52  rt_cmsis.o(i.svcThreadTerminate)
    svcTimerCall                             0x08005e51   Thumb Code    24  rt_cmsis.o(i.svcTimerCall)
    sysMailAlloc                             0x08005e69   Thumb Code   106  rt_cmsis.o(i.sysMailAlloc)
    sysMailFree                              0x08005ed9   Thumb Code   102  rt_cmsis.o(i.sysMailFree)
    sysTimerTick                             0x08005f41   Thumb Code    76  rt_cmsis.o(i.sysTimerTick)
    os_maxtaskrun                            0x08005f94   Data           2  rtx_conf_cm.o(.constdata)
    os_stackinfo                             0x08005f98   Data           4  rtx_conf_cm.o(.constdata)
    os_rrobin                                0x08005f9c   Data           4  rtx_conf_cm.o(.constdata)
    os_trv                                   0x08005fa0   Data           4  rtx_conf_cm.o(.constdata)
    os_flags                                 0x08005fa4   Data           1  rtx_conf_cm.o(.constdata)
    os_clockrate                             0x08005fa8   Data           4  rtx_conf_cm.o(.constdata)
    os_timernum                              0x08005fac   Data           4  rtx_conf_cm.o(.constdata)
    mp_tcb_size                              0x08005fb0   Data           2  rtx_conf_cm.o(.constdata)
    mp_stk_size                              0x08005fb4   Data           4  rtx_conf_cm.o(.constdata)
    os_stack_sz                              0x08005fb8   Data           4  rtx_conf_cm.o(.constdata)
    os_fifo_size                             0x08005fbc   Data           1  rtx_conf_cm.o(.constdata)
    os_thread_def_osTimerThread              0x08005fc0   Data          16  rtx_conf_cm.o(.constdata)
    os_messageQ_def_osTimerMessageQ          0x08005fd0   Data           8  rtx_conf_cm.o(.constdata)
    mp_tmr_size                              0x08005fd8   Data           2  rtx_conf_cm.o(.constdata)
    os_thread_def_main                       0x08005fdc   Data          16  rtx_conf_cm.o(.constdata)
    os_mailQ_def_packet_mail_box             0x08005fec   Data          12  main.o(.constdata)
    os_mailQ_def_input_mail_box              0x08005ff8   Data          12  main.o(.constdata)
    os_mutex_def_char_mutex                  0x08006004   Data           4  main.o(.constdata)
    os_mutex_def_SPI_mutex                   0x08006008   Data           4  main.o(.constdata)
    os_thread_def_thread_user_input          0x0800600c   Data          16  main.o(.constdata)
    os_thread_def_thread_display             0x0800601c   Data          16  main.o(.constdata)
    os_thread_def_thread_wireless_master     0x0800602c   Data          16  main.o(.constdata)
    os_thread_def_thread_wireless_slave      0x0800603c   Data          16  main.o(.constdata)
    os_thread_def_thread_direct_control      0x0800604c   Data          16  main.o(.constdata)
    os_thread_def_thread_mimicking           0x0800605c   Data          16  main.o(.constdata)
    __ctype_table                            0x08006200   Data         129  ctype_o.o(.constdata)
    Region$$Table$$Base                      0x08006288   Number         0  anon$$obj.o(Region$$Table)
    Region$$Table$$Limit                     0x080062b8   Number         0  anon$$obj.o(Region$$Table)
    mp_tcb                                   0x10000000   Data         348  rtx_conf_cm.o(.bss)
    mp_stk                                   0x10000160   Data        4816  rtx_conf_cm.o(.bss)
    os_stack_mem                             0x10001430   Data        1632  rtx_conf_cm.o(.bss)
    os_fifo                                  0x10001a90   Data         132  rtx_conf_cm.o(.bss)
    os_active_TCB                            0x10001b14   Data          28  rtx_conf_cm.o(.bss)
    os_messageQ_q_osTimerMessageQ            0x10001b30   Data          32  rtx_conf_cm.o(.bss)
    SystemCoreClock                          0x20000000   Data           4  system_stm32f4xx.o(.data)
    AHBPrescTable                            0x20000004   Data          16  system_stm32f4xx.o(.data)
    os_tmr                                   0x20000014   Data           4  rtx_conf_cm.o(.data)
    m_tmr                                    0x20000018   Data           4  rtx_conf_cm.o(.data)
    osThreadId_osTimerThread                 0x2000001c   Data           4  rtx_conf_cm.o(.data)
    osMessageQId_osTimerMessageQ             0x20000020   Data           4  rtx_conf_cm.o(.data)
    os_mailQ_p_packet_mail_box               0x20000024   Data           8  main.o(.data)
    os_mailQ_p_input_mail_box                0x2000002c   Data           8  main.o(.data)
    mode                                     0x20000034   Data           1  main.o(.data)
    control_mode                             0x20000035   Data           1  main.o(.data)
    pitch_chars                              0x20000036   Data           3  main.o(.data)
    roll_chars                               0x20000039   Data           3  main.o(.data)
    time_chars                               0x2000003c   Data           4  main.o(.data)
    tx_num                                   0x20000040   Data           1  main.o(.data)
    rx_num                                   0x20000041   Data           1  main.o(.data)
    ovrflo                                   0x20000042   Data           1  main.o(.data)
    current_roll                             0x20000044   Data           4  main.o(.data)
    buf                                      0x20000048   Data           1  main.o(.data)
    packet_mail_box                          0x2000004c   Data           4  main.o(.data)
    input_mail_box                           0x20000050   Data           4  main.o(.data)
    result                                   0x20000054   Data           1  main.o(.data)
    status                                   0x20000055   Data           1  main.o(.data)
    status_test                              0x20000056   Data           1  main.o(.data)
    sending_flag                             0x20000057   Data           1  main.o(.data)
    choose                                   0x20000058   Data           1  main.o(.data)
    datums                                   0x20000059   Data           5  main.o(.data)
    current_pitch                            0x20000060   Data           4  main.o(.data)
    char_mutex                               0x20000064   Data           4  main.o(.data)
    SPI_mutex                                0x20000068   Data           4  main.o(.data)
    tid_thread_user_input                    0x2000006c   Data           4  main.o(.data)
    tid_thread_display                       0x20000070   Data           4  main.o(.data)
    tid_thread_wireless_master               0x20000074   Data           4  main.o(.data)
    tid_thread_wireless_slave                0x20000078   Data           4  main.o(.data)
    tid_thread_direct_control                0x2000007c   Data           4  main.o(.data)
    tid_thread_mimicking                     0x20000080   Data           4  main.o(.data)
    cc2500_timeout                           0x20000084   Data           4  cc2500.o(.data)
    zero_dg_duty_cycle                       0x20000088   Data           2  g2_servo.o(.data)
    ninety_dg_duty_cycle                     0x2000008a   Data           2  g2_servo.o(.data)
    starting_duty_cycle                      0x2000008c   Data           2  g2_servo.o(.data)
    offset                                   0x20000090   Data          12  g2_mems.o(.data)
    EXTI_InitStructure                       0x2000009c   Data           8  g2_mems.o(.data)
    LIS3DSH_Interrupt_InitStructure          0x200000a4   Data           3  g2_mems.o(.data)
    LIS3DSHTimeout                           0x200000a8   Data           4  lis3dsh.o(.data)
    os_timer_head                            0x200000bc   Data           4  rt_cmsis.o(.data)
    os_tsk                                   0x200000c0   Data           8  rt_task.o(.data)
    os_time                                  0x200000cc   Data           2  rt_time.o(.data)
    dbg_msg                                  0x200000ce   Data           1  hal_cm.o(.data)
    os_robin                                 0x200000d0   Data           8  rt_robin.o(.data)
    os_mailQ_q_packet_mail_box               0x200000dc   Data          40  main.o(.bss)
    os_mailQ_m_packet_mail_box               0x20000104   Data          60  main.o(.bss)
    os_mailQ_q_input_mail_box                0x20000140   Data          32  main.o(.bss)
    os_mailQ_m_input_mail_box                0x20000160   Data          28  main.o(.bss)
    chars                                    0x2000017c   Data          20  main.o(.bss)
    Rbuf                                     0x20000190   Data          25  main.o(.bss)
    Wbuf                                     0x200001a9   Data          25  main.o(.bss)
    os_mutex_cb_char_mutex                   0x200001c4   Data          12  main.o(.bss)
    os_mutex_cb_SPI_mutex                    0x200001d0   Data          12  main.o(.bss)
    TIM_ServoTimeBaseStructure               0x200001dc   Data          12  g2_servo.o(.bss)
    TIM_ServoOCInitStructure                 0x200001e8   Data          20  g2_servo.o(.bss)
    accel                                    0x200001fc   Data          12  g2_mems.o(.bss)
    filtered_accel                           0x20000208   Data          12  g2_mems.o(.bss)
    accel_samples_x                          0x20000214   Data          40  g2_mems.o(.bss)
    accel_samples_y                          0x2000023c   Data          40  g2_mems.o(.bss)
    accel_samples_z                          0x20000264   Data          40  g2_mems.o(.bss)
    os_idle_TCB                              0x2000028c   Data          48  rt_task.o(.bss)
    os_rdy                                   0x200002bc   Data          24  rt_list.o(.bss)
    os_dly                                   0x200002d4   Data          24  rt_list.o(.bss)
    __initial_sp                             0x200006f0   Data           0  startup_stm32f4xx.o(STACK)



==============================================================================

Memory Map of the image

  Image Entry point : 0x08000189

  Load Region LR_IROM1 (Base: 0x08000000, Size: 0x00006394, Max: 0x00100000, ABSOLUTE)

    Execution Region ER_IROM1 (Base: 0x08000000, Size: 0x000062b8, Max: 0x00100000, ABSOLUTE)

    Base Addr    Size         Type   Attr      Idx    E Section Name        Object

    0x08000000   0x00000188   Data   RO          132    RESET               startup_stm32f4xx.o
    0x08000188   0x00000000   Code   RO         2335  * .ARM.Collect$$$$00000000  mc_w.l(entry.o)
    0x08000188   0x00000004   Code   RO         2354    .ARM.Collect$$$$00000001  mc_w.l(entry2.o)
    0x0800018c   0x00000004   Code   RO         2357    .ARM.Collect$$$$00000004  mc_w.l(entry5.o)
    0x08000190   0x00000000   Code   RO         2359    .ARM.Collect$$$$00000008  mc_w.l(entry7b.o)
    0x08000190   0x00000000   Code   RO         2361    .ARM.Collect$$$$0000000A  mc_w.l(entry8b.o)
    0x08000190   0x00000000   Code   RO         2362    .ARM.Collect$$$$0000000D  mc_w.l(entry10a.o)
    0x08000190   0x00000000   Code   RO         2364    .ARM.Collect$$$$0000000F  mc_w.l(entry11a.o)
    0x08000190   0x00000010   Code   RO          137    .ARM.Collect$$$$000000FF  rtx_conf_cm.o
    0x080001a0   0x00000004   Code   RO         2355    .ARM.Collect$$$$00002712  mc_w.l(entry2.o)
    0x080001a4   0x00000174   Code   RO         2304    .emb_text           RTX_CM4.lib(hal_cm4.o)
    0x08000318   0x0000020c   Code   RO            3    .text               system_stm32f4xx.o
    0x08000524   0x00000024   Code   RO          133    .text               startup_stm32f4xx.o
    0x08000548   0x00000008   Code   RO          138    .text               rtx_conf_cm.o
    0x08000550   0x00000aac   Code   RO          171    .text               main.o
    0x08000ffc   0x00000244   Code   RO          254    .text               g2_keypad.o
    0x08001240   0x000000a0   Code   RO          355    .text               g2_button.o
    0x080012e0   0x000004d8   Code   RO          404    .text               cc2500.o
    0x080017b8   0x000001cc   Code   RO          430    .text               g2_servo.o
    0x08001984   0x00000340   Code   RO          457    .text               lcd.o
    0x08001cc4   0x00000108   Code   RO          484    .text               atan_lut.o
    0x08001dcc   0x000000a2   Code   RO          518    .text               g2_filtering.o
    0x08001e6e   0x00000002   PAD
    0x08001e70   0x000003c4   Code   RO          538    .text               g2_mems.o
    0x08002234   0x000005bc   Code   RO          568    .text               lis3dsh.o
    0x080027f0   0x000000e4   Code   RO          603    .text               misc.o
    0x080028d4   0x0000011c   Code   RO          861    .text               stm32f4xx_exti.o
    0x080029f0   0x0000025c   Code   RO          930    .text               stm32f4xx_gpio.o
    0x08002c4c   0x00000588   Code   RO         1076    .text               stm32f4xx_rcc.o
    0x080031d4   0x000003f4   Code   RO         1167    .text               stm32f4xx_spi.o
    0x080035c8   0x0000008c   Code   RO         1190    .text               stm32f4xx_syscfg.o
    0x08003654   0x00000ca2   Code   RO         1210    .text               stm32f4xx_tim.o
    0x080042f6   0x00000024   Code   RO         2338    .text               mc_w.l(memseta.o)
    0x0800431a   0x00000018   Code   RO         2340    .text               mc_w.l(strncpy.o)
    0x08004332   0x0000001a   Code   RO         2342    .text               mc_w.l(atoi.o)
    0x0800434c   0x000000e4   Code   RO         2344    .text               mf_w.l(dmul.o)
    0x08004430   0x000000de   Code   RO         2346    .text               mf_w.l(ddiv.o)
    0x0800450e   0x00000026   Code   RO         2348    .text               mf_w.l(f2d.o)
    0x08004534   0x00000028   Code   RO         2350    .text               mf_w.l(cdcmple.o)
    0x0800455c   0x00000038   Code   RO         2352    .text               mf_w.l(d2f.o)
    0x08004594   0x00000070   Code   RO         2373    .text               mc_w.l(strtol.o)
    0x08004604   0x00000000   Code   RO         2375    .text               mc_w.l(iusefp.o)
    0x08004604   0x0000006c   Code   RO         2376    .text               mf_w.l(fepilogue.o)
    0x08004670   0x000000be   Code   RO         2378    .text               mf_w.l(depilogue.o)
    0x0800472e   0x000000a2   Code   RO         2380    .text               mf_w.l(dsqrt.o)
    0x080047d0   0x00000024   Code   RO         2382    .text               mc_w.l(init.o)
    0x080047f4   0x0000001e   Code   RO         2384    .text               mc_w.l(llshl.o)
    0x08004812   0x00000020   Code   RO         2386    .text               mc_w.l(llushr.o)
    0x08004832   0x00000002   PAD
    0x08004834   0x00000008   Code   RO         2388    .text               mc_w.l(ctype_o.o)
    0x0800483c   0x0000009e   Code   RO         2416    .text               mc_w.l(_strtoul.o)
    0x080048da   0x0000001c   Code   RO         2418    .text               mc_w.l(_chval.o)
    0x080048f6   0x00000002   PAD
    0x080048f8   0x00000004   Code   RO         2314    SVC_TABLE           RTX_CM4.lib(SVC_Table.o)
    0x080048fc   0x00000008   Code   RO         2366    i.__aeabi_errno_addr  mc_w.l(errno.o)
    0x08004904   0x00000014   Code   RO         2317    i.__hardfp_fabs     m_wm.l(fabs.o)
    0x08004918   0x0000007a   Code   RO         2323    i.__hardfp_sqrt     m_wm.l(sqrt.o)
    0x08004992   0x0000000e   Code   RO         2422    i.__scatterload_copy  mc_w.l(handlers.o)
    0x080049a0   0x00000002   Code   RO         2423    i.__scatterload_null  mc_w.l(handlers.o)
    0x080049a2   0x0000000e   Code   RO         2424    i.__scatterload_zeroinit  mc_w.l(handlers.o)
    0x080049b0   0x0000000c   Code   RO         2368    i.__set_errno       mc_w.l(errno.o)
    0x080049bc   0x00000046   Code   RO         2177    i._init_box         RTX_CM4.lib(rt_membox.o)
    0x08004a02   0x00000002   PAD
    0x08004a04   0x00000030   Code   RO         2230    i.dbg_init          RTX_CM4.lib(hal_cm.o)
    0x08004a34   0x00000020   Code   RO         2231    i.dbg_task_notify   RTX_CM4.lib(hal_cm.o)
    0x08004a54   0x00000010   Code   RO         2232    i.dbg_task_switch   RTX_CM4.lib(hal_cm.o)
    0x08004a64   0x0000002c   Code   RO         1276    i.isrMessagePut     RTX_CM4.lib(rt_cmsis.o)
    0x08004a90   0x00000028   Code   RO         1923    i.isr_evt_set       RTX_CM4.lib(rt_event.o)
    0x08004ab8   0x00000050   Code   RO         2041    i.isr_mbx_receive   RTX_CM4.lib(rt_mailbox.o)
    0x08004b08   0x0000000e   Code   RO         2042    i.isr_mbx_send      RTX_CM4.lib(rt_mailbox.o)
    0x08004b16   0x00000002   PAD
    0x08004b18   0x00000018   Code   RO         1277    i.osDelay           RTX_CM4.lib(rt_cmsis.o)
    0x08004b30   0x00000068   Code   RO         1279    i.osKernelStart     RTX_CM4.lib(rt_cmsis.o)
    0x08004b98   0x00000020   Code   RO         1280    i.osMailAlloc       RTX_CM4.lib(rt_cmsis.o)
    0x08004bb8   0x00000018   Code   RO         1282    i.osMailCreate      RTX_CM4.lib(rt_cmsis.o)
    0x08004bd0   0x0000001c   Code   RO         1283    i.osMailFree        RTX_CM4.lib(rt_cmsis.o)
    0x08004bec   0x00000016   Code   RO         1284    i.osMailGet         RTX_CM4.lib(rt_cmsis.o)
    0x08004c02   0x0000000e   Code   RO         1285    i.osMailPut         RTX_CM4.lib(rt_cmsis.o)
    0x08004c10   0x00000044   Code   RO         1287    i.osMessageGet      RTX_CM4.lib(rt_cmsis.o)
    0x08004c54   0x00000018   Code   RO         1288    i.osMessagePut      RTX_CM4.lib(rt_cmsis.o)
    0x08004c6c   0x00000018   Code   RO         1289    i.osMutexCreate     RTX_CM4.lib(rt_cmsis.o)
    0x08004c84   0x00000018   Code   RO         1290    i.osMutexRelease    RTX_CM4.lib(rt_cmsis.o)
    0x08004c9c   0x00000018   Code   RO         1291    i.osMutexWait       RTX_CM4.lib(rt_cmsis.o)
    0x08004cb4   0x00000034   Code   RO         1301    i.osSignalSet       RTX_CM4.lib(rt_cmsis.o)
    0x08004ce8   0x00000018   Code   RO         1302    i.osSignalWait      RTX_CM4.lib(rt_cmsis.o)
    0x08004d00   0x00000018   Code   RO         1303    i.osThreadCreate    RTX_CM4.lib(rt_cmsis.o)
    0x08004d18   0x00000018   Code   RO         1304    i.osThreadExit      RTX_CM4.lib(rt_cmsis.o)
    0x08004d30   0x0000000c   Code   RO         1310    i.osTimerCall       RTX_CM4.lib(rt_cmsis.o)
    0x08004d3c   0x0000002c   Code   RO         1314    i.osTimerThread     RTX_CM4.lib(rt_cmsis.o)
    0x08004d68   0x0000001c   Code   RO         2178    i.rt_alloc_box      RTX_CM4.lib(rt_membox.o)
    0x08004d84   0x0000003c   Code   RO         2206    i.rt_alloc_mem      RTX_CM4.lib(rt_memory.o)
    0x08004dc0   0x00000038   Code   RO         1798    i.rt_block          RTX_CM4.lib(rt_task.o)
    0x08004df8   0x00000048   Code   RO         2283    i.rt_chk_robin      RTX_CM4.lib(rt_robin.o)
    0x08004e40   0x00000014   Code   RO         1316    i.rt_clr_box        RTX_CM4.lib(rt_cmsis.o)
    0x08004e54   0x00000070   Code   RO         1965    i.rt_dec_dly        RTX_CM4.lib(rt_list.o)
    0x08004ec4   0x00000044   Code   RO         1799    i.rt_dispatch       RTX_CM4.lib(rt_task.o)
    0x08004f08   0x00000006   Code   RO         2125    i.rt_dly_wait       RTX_CM4.lib(rt_time.o)
    0x08004f0e   0x00000002   PAD
    0x08004f10   0x00000050   Code   RO         1926    i.rt_evt_psh        RTX_CM4.lib(rt_event.o)
    0x08004f60   0x0000005c   Code   RO         1927    i.rt_evt_set        RTX_CM4.lib(rt_event.o)
    0x08004fbc   0x00000040   Code   RO         1928    i.rt_evt_wait       RTX_CM4.lib(rt_event.o)
    0x08004ffc   0x00000020   Code   RO         2179    i.rt_free_box       RTX_CM4.lib(rt_membox.o)
    0x0800501c   0x00000028   Code   RO         2207    i.rt_free_mem       RTX_CM4.lib(rt_memory.o)
    0x08005044   0x00000028   Code   RO         1966    i.rt_get_first      RTX_CM4.lib(rt_list.o)
    0x0800506c   0x00000008   Code   RO         1317    i.rt_id2obj         RTX_CM4.lib(rt_cmsis.o)
    0x08005074   0x00000040   Code   RO         1800    i.rt_init_context   RTX_CM4.lib(rt_task.o)
    0x080050b4   0x0000001a   Code   RO         2208    i.rt_init_mem       RTX_CM4.lib(rt_memory.o)
    0x080050ce   0x00000002   PAD
    0x080050d0   0x00000018   Code   RO         2284    i.rt_init_robin     RTX_CM4.lib(rt_robin.o)
    0x080050e8   0x00000050   Code   RO         2233    i.rt_init_stack     RTX_CM4.lib(hal_cm.o)
    0x08005138   0x00000008   Code   RO         2043    i.rt_mbx_check      RTX_CM4.lib(rt_mailbox.o)
    0x08005140   0x0000001a   Code   RO         2044    i.rt_mbx_init       RTX_CM4.lib(rt_mailbox.o)
    0x0800515a   0x00000002   PAD
    0x0800515c   0x000000fc   Code   RO         2045    i.rt_mbx_psh        RTX_CM4.lib(rt_mailbox.o)
    0x08005258   0x000000ac   Code   RO         2046    i.rt_mbx_send       RTX_CM4.lib(rt_mailbox.o)
    0x08005304   0x000000b4   Code   RO         2047    i.rt_mbx_wait       RTX_CM4.lib(rt_mailbox.o)
    0x080053b8   0x0000003c   Code   RO         1318    i.rt_ms2tick        RTX_CM4.lib(rt_cmsis.o)
    0x080053f4   0x00000010   Code   RO         2152    i.rt_mut_init       RTX_CM4.lib(rt_mutex.o)
    0x08005404   0x000000a0   Code   RO         2153    i.rt_mut_release    RTX_CM4.lib(rt_mutex.o)
    0x080054a4   0x00000064   Code   RO         2154    i.rt_mut_wait       RTX_CM4.lib(rt_mutex.o)
    0x08005508   0x00000078   Code   RO         1877    i.rt_pop_req        RTX_CM4.lib(rt_system.o)
    0x08005580   0x00000020   Code   RO         1878    i.rt_psh_req        RTX_CM4.lib(rt_system.o)
    0x080055a0   0x00000058   Code   RO         1968    i.rt_psq_enq        RTX_CM4.lib(rt_list.o)
    0x080055f8   0x0000005c   Code   RO         1969    i.rt_put_dly        RTX_CM4.lib(rt_list.o)
    0x08005654   0x00000038   Code   RO         1970    i.rt_put_prio       RTX_CM4.lib(rt_list.o)
    0x0800568c   0x00000014   Code   RO         1971    i.rt_put_rdy_first  RTX_CM4.lib(rt_list.o)
    0x080056a0   0x00000034   Code   RO         1972    i.rt_resort_prio    RTX_CM4.lib(rt_list.o)
    0x080056d4   0x00000010   Code   RO         2234    i.rt_ret_regs       RTX_CM4.lib(hal_cm.o)
    0x080056e4   0x0000000c   Code   RO         2235    i.rt_ret_val        RTX_CM4.lib(hal_cm.o)
    0x080056f0   0x00000010   Code   RO         2236    i.rt_ret_val2       RTX_CM4.lib(hal_cm.o)
    0x08005700   0x00000028   Code   RO         1973    i.rt_rmv_dly        RTX_CM4.lib(rt_list.o)
    0x08005728   0x00000030   Code   RO         1974    i.rt_rmv_list       RTX_CM4.lib(rt_list.o)
    0x08005758   0x00000034   Code   RO         2091    i.rt_sem_psh        RTX_CM4.lib(rt_semaphore.o)
    0x0800578c   0x00000024   Code   RO         1879    i.rt_stk_check      RTX_CM4.lib(rt_system.o)
    0x080057b0   0x00000028   Code   RO         1801    i.rt_switch_req     RTX_CM4.lib(rt_task.o)
    0x080057d8   0x00000140   Code   RO         1802    i.rt_sys_init       RTX_CM4.lib(rt_task.o)
    0x08005918   0x0000003c   Code   RO         1880    i.rt_systick        RTX_CM4.lib(rt_system.o)
    0x08005954   0x00000012   Code   RO         1319    i.rt_tid2ptcb       RTX_CM4.lib(rt_cmsis.o)
    0x08005966   0x00000002   PAD
    0x08005968   0x0000003c   Code   RO         1320    i.rt_timer_insert   RTX_CM4.lib(rt_cmsis.o)
    0x080059a4   0x00000080   Code   RO         1803    i.rt_tsk_create     RTX_CM4.lib(rt_task.o)
    0x08005a24   0x000000ac   Code   RO         1804    i.rt_tsk_delete     RTX_CM4.lib(rt_task.o)
    0x08005ad0   0x00000010   Code   RO         1807    i.rt_tsk_self       RTX_CM4.lib(rt_task.o)
    0x08005ae0   0x00000014   Code   RO         1322    i.svcDelay          RTX_CM4.lib(rt_cmsis.o)
    0x08005af4   0x000000d4   Code   RO         1323    i.svcKernelStart    RTX_CM4.lib(rt_cmsis.o)
    0x08005bc8   0x00000042   Code   RO         1324    i.svcMailCreate     RTX_CM4.lib(rt_cmsis.o)
    0x08005c0a   0x00000024   Code   RO         1325    i.svcMessageCreate  RTX_CM4.lib(rt_cmsis.o)
    0x08005c2e   0x0000003a   Code   RO         1326    i.svcMessageGet     RTX_CM4.lib(rt_cmsis.o)
    0x08005c68   0x00000036   Code   RO         1327    i.svcMessagePut     RTX_CM4.lib(rt_cmsis.o)
    0x08005c9e   0x0000001c   Code   RO         1328    i.svcMutexCreate    RTX_CM4.lib(rt_cmsis.o)
    0x08005cba   0x00000022   Code   RO         1329    i.svcMutexRelease   RTX_CM4.lib(rt_cmsis.o)
    0x08005cdc   0x00000036   Code   RO         1330    i.svcMutexWait      RTX_CM4.lib(rt_cmsis.o)
    0x08005d12   0x00000024   Code   RO         1337    i.svcSignalSet      RTX_CM4.lib(rt_cmsis.o)
    0x08005d36   0x00000002   PAD
    0x08005d38   0x00000054   Code   RO         1338    i.svcSignalWait     RTX_CM4.lib(rt_cmsis.o)
    0x08005d8c   0x00000070   Code   RO         1339    i.svcThreadCreate   RTX_CM4.lib(rt_cmsis.o)
    0x08005dfc   0x0000001c   Code   RO         1340    i.svcThreadGetId    RTX_CM4.lib(rt_cmsis.o)
    0x08005e18   0x00000038   Code   RO         1343    i.svcThreadTerminate  RTX_CM4.lib(rt_cmsis.o)
    0x08005e50   0x00000018   Code   RO         1345    i.svcTimerCall      RTX_CM4.lib(rt_cmsis.o)
    0x08005e68   0x00000070   Code   RO         1349    i.sysMailAlloc      RTX_CM4.lib(rt_cmsis.o)
    0x08005ed8   0x00000066   Code   RO         1350    i.sysMailFree       RTX_CM4.lib(rt_cmsis.o)
    0x08005f3e   0x00000002   PAD
    0x08005f40   0x00000054   Code   RO         1353    i.sysTimerTick      RTX_CM4.lib(rt_cmsis.o)
    0x08005f94   0x00000058   Data   RO          140    .constdata          rtx_conf_cm.o
    0x08005fec   0x00000080   Data   RO          173    .constdata          main.o
    0x0800606c   0x00000194   Data   RO          485    .constdata          atan_lut.o
    0x08006200   0x00000081   Data   RO         2389    .constdata          mc_w.l(ctype_o.o)
    0x08006281   0x00000003   PAD
    0x08006284   0x00000004   Data   RO         2390    .constdata          mc_w.l(ctype_o.o)
    0x08006288   0x00000030   Data   RO         2420    Region$$Table       anon$$obj.o


    Execution Region RW_IRAM1 (Base: 0x10000000, Size: 0x00001b50, Max: 0x0001ffff, ABSOLUTE)

    Base Addr    Size         Type   Attr      Idx    E Section Name        Object

    0x10000000   0x00001b50   Zero   RW          139    .bss                rtx_conf_cm.o


    Execution Region RW_IRAM2 (Base: 0x20000000, Size: 0x000006f0, Max: 0x0001ffff, ABSOLUTE)

    Base Addr    Size         Type   Attr      Idx    E Section Name        Object

    0x20000000   0x00000014   Data   RW            4    .data               system_stm32f4xx.o
    0x20000014   0x00000010   Data   RW          141    .data               rtx_conf_cm.o
    0x20000024   0x00000060   Data   RW          174    .data               main.o
    0x20000084   0x00000004   Data   RW          405    .data               cc2500.o
    0x20000088   0x00000006   Data   RW          432    .data               g2_servo.o
    0x2000008e   0x00000002   PAD
    0x20000090   0x00000017   Data   RW          540    .data               g2_mems.o
    0x200000a7   0x00000001   PAD
    0x200000a8   0x00000004   Data   RW          569    .data               lis3dsh.o
    0x200000ac   0x00000010   Data   RW         1077    .data               stm32f4xx_rcc.o
    0x200000bc   0x00000004   Data   RW         1354    .data               RTX_CM4.lib(rt_cmsis.o)
    0x200000c0   0x00000008   Data   RW         1809    .data               RTX_CM4.lib(rt_task.o)
    0x200000c8   0x00000003   Data   RW         1883    .data               RTX_CM4.lib(rt_system.o)
    0x200000cb   0x00000001   PAD
    0x200000cc   0x00000002   Data   RW         2128    .data               RTX_CM4.lib(rt_time.o)
    0x200000ce   0x00000001   Data   RW         2237    .data               RTX_CM4.lib(hal_cm.o)
    0x200000cf   0x00000001   PAD
    0x200000d0   0x00000008   Data   RW         2285    .data               RTX_CM4.lib(rt_robin.o)
    0x200000d8   0x00000004   Data   RW         2369    .data               mc_w.l(errno.o)
    0x200000dc   0x00000100   Zero   RW          172    .bss                main.o
    0x200001dc   0x00000020   Zero   RW          431    .bss                g2_servo.o
    0x200001fc   0x00000090   Zero   RW          539    .bss                g2_mems.o
    0x2000028c   0x00000030   Zero   RW         1808    .bss                RTX_CM4.lib(rt_task.o)
    0x200002bc   0x00000030   Zero   RW         1975    .bss                RTX_CM4.lib(rt_list.o)
    0x200002ec   0x00000004   PAD
    0x200002f0   0x00000400   Zero   RW          130    STACK               startup_stm32f4xx.o


==============================================================================

Image component sizes


      Code (inc. data)   RO Data    RW Data    ZI Data      Debug   Object Name

       264         18        404          0          0       1041   atan_lut.o
      1240         18          0          4          0      10568   cc2500.o
       160          4          0          0          0        808   g2_button.o
       162          0          0          0          0       1578   g2_filtering.o
       580          6          0          0          0      41667   g2_keypad.o
       964         54          0         23        144       7652   g2_mems.o
       460         20          0          6         32       1674   g2_servo.o
       832          8          0          0          0       5591   lcd.o
      1468         66          0          4          0       8646   lis3dsh.o
      2732        260        128         96        256      15510   main.o
       228         22          0          0          0       3549   misc.o
        24          6         88         16       6992       6396   rtx_conf_cm.o
        36          8        392          0       1024        760   startup_stm32f4xx.o
       284         10          0          0          0       4731   stm32f4xx_exti.o
       604         36          0          0          0       4081   stm32f4xx_gpio.o
      1416         48          0         16          0      23867   stm32f4xx_rcc.o
      1012         22          0          0          0      14889   stm32f4xx_spi.o
       140         12          0          0          0       1679   stm32f4xx_syscfg.o
      3234         60          0          0          0      42108   stm32f4xx_tim.o
       524         44          0         20          0     264323   system_stm32f4xx.o

    ----------------------------------------------------------------------
     16366        722       1060        188       8448     461118   Object Totals
         0          0         48          0          0          0   (incl. Generated)
         2          0          0          3          0          0   (incl. Padding)

    ----------------------------------------------------------------------

      Code (inc. data)   RO Data    RW Data    ZI Data      Debug   Library Member Name

         4          4          0          0          0        132   SVC_Table.o
       220         24          0          1          0       3876   hal_cm.o
       372         32          0          0          0        616   hal_cm4.o
      2002        190          0          4          0      40219   rt_cmsis.o
       276         20          0          0          0       2550   rt_event.o
       548         36          0          0         48       7201   rt_list.o
       732         16          0          0          0       4695   rt_mailbox.o
       130          0          0          0          0       1837   rt_membox.o
       126          0          0          0          0       2159   rt_memory.o
       276         14          0          0          0       1869   rt_mutex.o
        96         24          0          8          0       1042   rt_robin.o
        52          4          0          0          0        557   rt_semaphore.o
       248         44          0          3          0       2066   rt_system.o
       864        154          0          8         48       7224   rt_task.o
         6          0          0          2          0        572   rt_time.o
        20          0          0          0          0        124   fabs.o
       122          0          0          0          0        148   sqrt.o
        28          0          0          0          0         68   _chval.o
       158          0          0          0          0         92   _strtoul.o
        26          0          0          0          0         80   atoi.o
         8          4        133          0          0         68   ctype_o.o
         0          0          0          0          0          0   entry.o
         0          0          0          0          0          0   entry10a.o
         0          0          0          0          0          0   entry11a.o
         8          4          0          0          0          0   entry2.o
         4          0          0          0          0          0   entry5.o
         0          0          0          0          0          0   entry7b.o
         0          0          0          0          0          0   entry8b.o
        20         10          0          4          0        136   errno.o
        30          0          0          0          0          0   handlers.o
        36          8          0          0          0         68   init.o
         0          0          0          0          0          0   iusefp.o
        30          0          0          0          0         68   llshl.o
        32          0          0          0          0         68   llushr.o
        36          0          0          0          0        108   memseta.o
        24          0          0          0          0         76   strncpy.o
       112          0          0          0          0         88   strtol.o
        40          2          0          0          0         68   cdcmple.o
        56          0          0          0          0         88   d2f.o
       222          0          0          0          0        100   ddiv.o
       190          0          0          0          0        176   depilogue.o
       228          0          0          0          0         96   dmul.o
       162          0          0          0          0        100   dsqrt.o
        38          0          0          0          0         68   f2d.o
       108          0          0          0          0        168   fepilogue.o

    ----------------------------------------------------------------------
      7710        590        136         32        100      78671   Library Totals
        20          0          3          2          4          0   (incl. Padding)

    ----------------------------------------------------------------------

      Code (inc. data)   RO Data    RW Data    ZI Data      Debug   Library Name

      5952        562          0         26         96      76615   RTX_CM4.lib
       142          0          0          0          0        272   m_wm.l
       552         26        133          4          0        920   mc_w.l
      1044          2          0          0          0        864   mf_w.l

    ----------------------------------------------------------------------
      7710        590        136         32        100      78671   Library Totals

    ----------------------------------------------------------------------

==============================================================================


      Code (inc. data)   RO Data    RW Data    ZI Data      Debug   

     24076       1312       1196        220       8548     526057   Grand Totals
     24076       1312       1196        220       8548     526057   ELF Image Totals
     24076       1312       1196        220          0          0   ROM Totals

==============================================================================

    Total RO  Size (Code + RO Data)                25272 (  24.68kB)
    Total RW  Size (RW Data + ZI Data)              8768 (   8.56kB)
    Total ROM Size (Code + RO Data + RW Data)      25492 (  24.89kB)

==============================================================================

