<html>
<body>
<pre>
<h1>µVision Build Log</h1>
<h2>Project:</h2>
C:\Users\LPL-PC\Documents\micro_labs\lab2\Lab2_Project.uvproj
Project File Date:  02/14/2014

<h2>Output:</h2>
Build target 'Target 1'
compiling t2_display.c...
linking...
Program Size: Code=7912 RO-data=424 RW-data=60 ZI-data=1652  
".\obj\Lab2_Project.axf" - 0 Error(s), 0 Warning(s).
Load "C:\\Users\\LPL-PC\\Documents\\micro_labs\\lab2\\obj\\Lab2_Project.axf" 
Erase Done.
Programming Done.
Verify OK.
</pre>
</body>
</html>
