<html>
<body>
<pre>
<h1>µVision Build Log</h1>
<h2>Project:</h2>
C:\Users\hauror\426-final-project\keil\rtx.uvproj
Project File Date:  04/11/2014

<h2>Output:</h2>
Build target 'Project'
compiling system_stm32f4xx.c...
compiling RTX_Conf_CM.c...
compiling main.c...
../main.c(370): warning:  #223-D: function "g2_packet2str" declared implicitly
../main.c(357): warning:  #177-D: variable "pktlen" was declared but never referenced
../main.c(392): warning:  #223-D: function "g2_packet2str" declared implicitly
../main.c(430): warning:  #111-D: statement is unreachable
../main.c(429): warning:  #546-D: transfer of control bypasses initialization of:
            variable "new_pitch" (declared at line 544)
            variable "new_roll" (declared at line 547)
          switch(state) {                               
          ^
../main.c(612): warning:  #177-D: variable "recv_input" was declared but never referenced
../main.c(734): warning:  #188-D: enumerated type mixed with another type
compiling g2_keypad.c...
compiling g2_button.c...
compiling g2_wireless.c...
compiling cc2500.c...
compiling g2_servo.c...
compiling lcd.c...
compiling atan_LUT.c...
..\atan_LUT.c(55): warning:  #1-D: last line of file ends without a newline
compiling g2_filtering.c...
..\g2_filtering.c(84): warning:  #1-D: last line of file ends without a newline
compiling g2_mems.c...
compiling lis3dsh.c...
..\lis3dsh.c(316): warning:  #1035-D: single-precision operand implicitly converted to double-precision
..\lis3dsh.c(326): warning:  #1035-D: single-precision operand implicitly converted to double-precision
..\lis3dsh.c(336): warning:  #1035-D: single-precision operand implicitly converted to double-precision
..\lis3dsh.c(346): warning:  #1035-D: single-precision operand implicitly converted to double-precision
..\lis3dsh.c(356): warning:  #1035-D: single-precision operand implicitly converted to double-precision
compiling misc.c...
compiling stm32f4xx_adc.c...
compiling stm32f4xx_can.c...
compiling stm32f4xx_crc.c...
compiling stm32f4xx_cryp.c...
compiling stm32f4xx_cryp_aes.c...
compiling stm32f4xx_cryp_des.c...
compiling stm32f4xx_cryp_tdes.c...
compiling stm32f4xx_dac.c...
compiling stm32f4xx_dbgmcu.c...
compiling stm32f4xx_dcmi.c...
compiling stm32f4xx_dma.c...
compiling stm32f4xx_exti.c...
compiling stm32f4xx_flash.c...
compiling stm32f4xx_fsmc.c...
compiling stm32f4xx_gpio.c...
compiling stm32f4xx_hash.c...
compiling stm32f4xx_hash_md5.c...
compiling stm32f4xx_hash_sha1.c...
compiling stm32f4xx_i2c.c...
compiling stm32f4xx_iwdg.c...
compiling stm32f4xx_pwr.c...
compiling stm32f4xx_rcc.c...
compiling stm32f4xx_rng.c...
compiling stm32f4xx_rtc.c...
compiling stm32f4xx_sdio.c...
compiling stm32f4xx_spi.c...
compiling stm32f4xx_syscfg.c...
compiling stm32f4xx_tim.c...
compiling stm32f4xx_usart.c...
compiling stm32f4xx_wwdg.c...
linking...
.\obj\output.axf: Error: L6218E: Undefined symbol g2_packet2str (referred from main.o).
Target not created
Build target 'Project'
compiling main.c...
../main.c(370): warning:  #223-D: function "g2_packet2str" declared implicitly
../main.c(357): warning:  #177-D: variable "pktlen" was declared but never referenced
../main.c(392): warning:  #223-D: function "g2_packet2str" declared implicitly
../main.c(430): warning:  #111-D: statement is unreachable
../main.c(429): warning:  #546-D: transfer of control bypasses initialization of:
            variable "new_pitch" (declared at line 544)
            variable "new_roll" (declared at line 547)
          switch(state) {                               
          ^
../main.c(612): warning:  #177-D: variable "recv_input" was declared but never referenced
../main.c(734): warning:  #188-D: enumerated type mixed with another type
compiling g2_wireless.c...
compiling cc2500.c...
linking...
.\obj\output.axf: Error: L6218E: Undefined symbol g2_packet2str (referred from main.o).
Target not created
Build target 'Project'
linking...
.\obj\output.axf: Error: L6218E: Undefined symbol g2_packet2str (referred from main.o).
Target not created
Build target 'Project'
linking...
.\obj\output.axf: Error: L6218E: Undefined symbol g2_packet2str (referred from main.o).
Target not created
Load "C:\\Users\\hauror\\426-final-project\\keil\\obj\\output.axf" 
_____^
*** error 56: cannot open file
Build target 'Project'
linking...
.\obj\output.axf: Error: L6218E: Undefined symbol g2_packet2str (referred from main.o).
Target not created
Build target 'Project'
compiling main.c...
../main.c(410): warning:  #111-D: statement is unreachable
../main.c(409): warning:  #546-D: transfer of control bypasses initialization of:
            variable "new_pitch" (declared at line 524)
            variable "new_roll" (declared at line 527)
          switch(state) {                               
          ^
../main.c(592): warning:  #177-D: variable "recv_input" was declared but never referenced
../main.c(714): warning:  #188-D: enumerated type mixed with another type
linking...
.\obj\output.axf: Error: L6218E: Undefined symbol thread_slave_test (referred from main.o).
Target not created
Build target 'Project'
compiling main.c...
../main.c(401): warning:  #111-D: statement is unreachable
../main.c(400): warning:  #546-D: transfer of control bypasses initialization of:
            variable "new_pitch" (declared at line 515)
            variable "new_roll" (declared at line 518)
          switch(state) {                               
          ^
../main.c(583): warning:  #177-D: variable "recv_input" was declared but never referenced
../main.c(705): warning:  #188-D: enumerated type mixed with another type
linking...
Program Size: Code=24016 RO-data=1196 RW-data=220 ZI-data=8548  
FromELF: creating hex file...
".\obj\output.axf" - 0 Error(s), 4 Warning(s).
Load "C:\\Users\\hauror\\426-final-project\\keil\\obj\\output.axf" 
Erase Done.
Programming Done.
Verify OK.
Build target 'Project'
compiling main.c...
../main.c(414): warning:  #111-D: statement is unreachable
../main.c(413): warning:  #546-D: transfer of control bypasses initialization of:
            variable "new_pitch" (declared at line 528)
            variable "new_roll" (declared at line 531)
          switch(state) {                               
          ^
../main.c(596): warning:  #177-D: variable "recv_input" was declared but never referenced
../main.c(718): warning:  #188-D: enumerated type mixed with another type
linking...
Program Size: Code=24036 RO-data=1196 RW-data=220 ZI-data=8548  
FromELF: creating hex file...
".\obj\output.axf" - 0 Error(s), 4 Warning(s).
Load "C:\\Users\\hauror\\426-final-project\\keil\\obj\\output.axf" 
Build target 'Project'
linking...
Program Size: Code=24036 RO-data=1196 RW-data=220 ZI-data=8548  
FromELF: creating hex file...
".\obj\output.axf" - 0 Error(s), 0 Warning(s).
Load "C:\\Users\\hauror\\426-final-project\\keil\\obj\\output.axf" 
Erase Done.
Programming Done.
Verify OK.
Build target 'Project'
compiling main.c...
../main.c(414): warning:  #111-D: statement is unreachable
../main.c(413): warning:  #546-D: transfer of control bypasses initialization of:
            variable "new_pitch" (declared at line 528)
            variable "new_roll" (declared at line 531)
          switch(state) {                               
          ^
../main.c(596): warning:  #177-D: variable "recv_input" was declared but never referenced
../main.c(718): warning:  #188-D: enumerated type mixed with another type
linking...
Program Size: Code=24060 RO-data=1196 RW-data=220 ZI-data=8548  
FromELF: creating hex file...
".\obj\output.axf" - 0 Error(s), 4 Warning(s).
Load "C:\\Users\\hauror\\426-final-project\\keil\\obj\\output.axf" 
Erase Done.
Programming Done.
Verify OK.
Build target 'Project'
compiling main.c...
../main.c(414): warning:  #111-D: statement is unreachable
../main.c(413): warning:  #546-D: transfer of control bypasses initialization of:
            variable "new_pitch" (declared at line 528)
            variable "new_roll" (declared at line 531)
          switch(state) {                               
          ^
../main.c(596): warning:  #177-D: variable "recv_input" was declared but never referenced
../main.c(718): warning:  #188-D: enumerated type mixed with another type
linking...
Program Size: Code=24060 RO-data=1196 RW-data=220 ZI-data=8548  
FromELF: creating hex file...
".\obj\output.axf" - 0 Error(s), 4 Warning(s).
Load "C:\\Users\\hauror\\426-final-project\\keil\\obj\\output.axf" 
Erase Done.
Programming Done.
Verify OK.
Build target 'Project'
compiling main.c...
../main.c(414): warning:  #111-D: statement is unreachable
../main.c(413): warning:  #546-D: transfer of control bypasses initialization of:
            variable "new_pitch" (declared at line 528)
            variable "new_roll" (declared at line 531)
          switch(state) {                               
          ^
../main.c(596): warning:  #177-D: variable "recv_input" was declared but never referenced
../main.c(718): warning:  #188-D: enumerated type mixed with another type
linking...
Program Size: Code=24056 RO-data=1196 RW-data=220 ZI-data=8548  
FromELF: creating hex file...
".\obj\output.axf" - 0 Error(s), 4 Warning(s).
Build target 'Project'
compiling main.c...
../main.c(414): warning:  #111-D: statement is unreachable
../main.c(413): warning:  #546-D: transfer of control bypasses initialization of:
            variable "new_pitch" (declared at line 528)
            variable "new_roll" (declared at line 531)
          switch(state) {                               
          ^
../main.c(596): warning:  #177-D: variable "recv_input" was declared but never referenced
../main.c(718): warning:  #188-D: enumerated type mixed with another type
linking...
Program Size: Code=24056 RO-data=1196 RW-data=220 ZI-data=8548  
FromELF: creating hex file...
".\obj\output.axf" - 0 Error(s), 4 Warning(s).
Build target 'Project'
linking...
Program Size: Code=24056 RO-data=1196 RW-data=220 ZI-data=8548  
FromELF: creating hex file...
".\obj\output.axf" - 0 Error(s), 0 Warning(s).
Load "C:\\Users\\hauror\\426-final-project\\keil\\obj\\output.axf" 
Erase Done.
Programming Done.
Verify OK.
Build target 'Project'
linking...
Program Size: Code=24056 RO-data=1196 RW-data=220 ZI-data=8548  
FromELF: creating hex file...
".\obj\output.axf" - 0 Error(s), 0 Warning(s).
Build target 'Project'
compiling main.c...
../main.c(414): warning:  #111-D: statement is unreachable
../main.c(413): warning:  #546-D: transfer of control bypasses initialization of:
            variable "new_pitch" (declared at line 528)
            variable "new_roll" (declared at line 531)
          switch(state) {                               
          ^
../main.c(596): warning:  #177-D: variable "recv_input" was declared but never referenced
../main.c(718): warning:  #188-D: enumerated type mixed with another type
linking...
Program Size: Code=24056 RO-data=1196 RW-data=220 ZI-data=8548  
FromELF: creating hex file...
".\obj\output.axf" - 0 Error(s), 4 Warning(s).
Load "C:\\Users\\hauror\\426-final-project\\keil\\obj\\output.axf" 
Erase Done.
Programming Done.
Verify OK.
Build target 'Project'
compiling main.c...
../main.c(414): warning:  #111-D: statement is unreachable
../main.c(413): warning:  #546-D: transfer of control bypasses initialization of:
            variable "new_pitch" (declared at line 528)
            variable "new_roll" (declared at line 531)
          switch(state) {                               
          ^
../main.c(596): warning:  #177-D: variable "recv_input" was declared but never referenced
../main.c(718): warning:  #188-D: enumerated type mixed with another type
linking...
Program Size: Code=24076 RO-data=1196 RW-data=220 ZI-data=8548  
FromELF: creating hex file...
".\obj\output.axf" - 0 Error(s), 4 Warning(s).
Build target 'Project'
linking...
Program Size: Code=24076 RO-data=1196 RW-data=220 ZI-data=8548  
FromELF: creating hex file...
".\obj\output.axf" - 0 Error(s), 0 Warning(s).
Load "C:\\Users\\hauror\\426-final-project\\keil\\obj\\output.axf" 
Erase Done.
Programming Done.
Verify OK.
Build target 'Project'
linking...
Program Size: Code=24076 RO-data=1196 RW-data=220 ZI-data=8548  
FromELF: creating hex file...
".\obj\output.axf" - 0 Error(s), 0 Warning(s).
Build target 'Project'
linking...
Program Size: Code=24076 RO-data=1196 RW-data=220 ZI-data=8548  
FromELF: creating hex file...
".\obj\output.axf" - 0 Error(s), 0 Warning(s).
Load "C:\\Users\\hauror\\426-final-project\\keil\\obj\\output.axf" 
Erase Done.
Programming Done.
Verify OK.
Build target 'Project'
linking...
Program Size: Code=24076 RO-data=1196 RW-data=220 ZI-data=8548  
FromELF: creating hex file...
".\obj\output.axf" - 0 Error(s), 0 Warning(s).
Load "C:\\Users\\hauror\\426-final-project\\keil\\obj\\output.axf" 
Erase Done.
Programming Done.
Verify OK.
Build target 'Project'
linking...
Program Size: Code=24076 RO-data=1196 RW-data=220 ZI-data=8548  
FromELF: creating hex file...
".\obj\output.axf" - 0 Error(s), 0 Warning(s).
Load "C:\\Users\\hauror\\426-final-project\\keil\\obj\\output.axf" 
Erase Done.
Programming Done.
Verify OK.
Build target 'Project'
compiling main.c...
../main.c(414): warning:  #111-D: statement is unreachable
../main.c(413): warning:  #546-D: transfer of control bypasses initialization of:
            variable "new_pitch" (declared at line 528)
            variable "new_roll" (declared at line 531)
          switch(state) {                               
          ^
../main.c(596): warning:  #177-D: variable "recv_input" was declared but never referenced
../main.c(718): warning:  #188-D: enumerated type mixed with another type
linking...
Program Size: Code=24076 RO-data=1196 RW-data=220 ZI-data=8548  
FromELF: creating hex file...
".\obj\output.axf" - 0 Error(s), 4 Warning(s).
Load "C:\\Users\\hauror\\426-final-project\\keil\\obj\\output.axf" 
Erase Done.
Programming Done.
Verify OK.
Build target 'Project'
linking...
Program Size: Code=24076 RO-data=1196 RW-data=220 ZI-data=8548  
FromELF: creating hex file...
".\obj\output.axf" - 0 Error(s), 0 Warning(s).
Load "C:\\Users\\hauror\\426-final-project\\keil\\obj\\output.axf" 
Erase Done.
Programming Done.
Verify OK.
Rebuild target 'Project'
compiling system_stm32f4xx.c...
assembling startup_stm32f4xx.s...
compiling RTX_Conf_CM.c...
compiling main.c...
../main.c(414): warning:  #111-D: statement is unreachable
../main.c(413): warning:  #546-D: transfer of control bypasses initialization of:
            variable "new_pitch" (declared at line 528)
            variable "new_roll" (declared at line 531)
          switch(state) {                               
          ^
../main.c(596): warning:  #177-D: variable "recv_input" was declared but never referenced
../main.c(718): warning:  #188-D: enumerated type mixed with another type
compiling g2_keypad.c...
compiling g2_button.c...
compiling g2_wireless.c...
compiling cc2500.c...
compiling g2_servo.c...
compiling lcd.c...
compiling atan_LUT.c...
..\atan_LUT.c(55): warning:  #1-D: last line of file ends without a newline
compiling g2_filtering.c...
..\g2_filtering.c(84): warning:  #1-D: last line of file ends without a newline
compiling g2_mems.c...
compiling lis3dsh.c...
..\lis3dsh.c(316): warning:  #1035-D: single-precision operand implicitly converted to double-precision
..\lis3dsh.c(326): warning:  #1035-D: single-precision operand implicitly converted to double-precision
..\lis3dsh.c(336): warning:  #1035-D: single-precision operand implicitly converted to double-precision
..\lis3dsh.c(346): warning:  #1035-D: single-precision operand implicitly converted to double-precision
..\lis3dsh.c(356): warning:  #1035-D: single-precision operand implicitly converted to double-precision
compiling g2_wired.c...
compiling misc.c...
compiling stm32f4xx_adc.c...
compiling stm32f4xx_can.c...
compiling stm32f4xx_crc.c...
compiling stm32f4xx_cryp.c...
compiling stm32f4xx_cryp_aes.c...
compiling stm32f4xx_cryp_des.c...
compiling stm32f4xx_cryp_tdes.c...
compiling stm32f4xx_dac.c...
compiling stm32f4xx_dbgmcu.c...
compiling stm32f4xx_dcmi.c...
compiling stm32f4xx_dma.c...
compiling stm32f4xx_exti.c...
compiling stm32f4xx_flash.c...
compiling stm32f4xx_fsmc.c...
compiling stm32f4xx_gpio.c...
compiling stm32f4xx_hash.c...
compiling stm32f4xx_hash_md5.c...
compiling stm32f4xx_hash_sha1.c...
compiling stm32f4xx_i2c.c...
compiling stm32f4xx_iwdg.c...
compiling stm32f4xx_pwr.c...
compiling stm32f4xx_rcc.c...
compiling stm32f4xx_rng.c...
compiling stm32f4xx_rtc.c...
compiling stm32f4xx_sdio.c...
compiling stm32f4xx_spi.c...
compiling stm32f4xx_syscfg.c...
compiling stm32f4xx_tim.c...
compiling stm32f4xx_usart.c...
compiling stm32f4xx_wwdg.c...
linking...
Program Size: Code=24076 RO-data=1196 RW-data=220 ZI-data=8548  
FromELF: creating hex file...
".\obj\output.axf" - 0 Error(s), 11 Warning(s).
Load "C:\\Users\\hauror\\426-final-project\\keil\\obj\\output.axf" 
Erase Done.
Programming Done.
Verify OK.
