<html>
<body>
<pre>
<h1>µVision Build Log</h1>
<h2>Project:</h2>
P:\lab3\Lab3\Lab3.uvproj
Project File Date:  02/28/2014

<h2>Output:</h2>
Load "P:\\lab3\\Lab3\\obj\\Lab3.axf" 
Erase Done.
Programming Done.
Verify OK.
Build target 'Lab3'
assembling startup_stm32f4xx.s...
compiling main.c...
compiling system_stm32f4xx.c...
compiling fputc_debug.c...
compiling atan_LUT.c...
compiling t2_mems.c...
compiling t2_display.c...
compiling t2_gpio.c...
compiling t2_pwm.c...
compiling t2_servo.c...
compiling t2_filtering.c...
compiling misc.c...
compiling stm32f4xx_adc.c...
compiling stm32f4xx_can.c...
compiling stm32f4xx_crc.c...
compiling stm32f4xx_cryp.c...
compiling stm32f4xx_cryp_aes.c...
compiling stm32f4xx_cryp_des.c...
compiling stm32f4xx_cryp_tdes.c...
compiling stm32f4xx_dac.c...
compiling stm32f4xx_dbgmcu.c...
compiling stm32f4xx_dcmi.c...
compiling stm32f4xx_dma.c...
compiling stm32f4xx_exti.c...
compiling stm32f4xx_flash.c...
compiling stm32f4xx_fsmc.c...
compiling stm32f4xx_gpio.c...
compiling stm32f4xx_hash.c...
compiling stm32f4xx_hash_md5.c...
compiling stm32f4xx_hash_sha1.c...
compiling stm32f4xx_i2c.c...
compiling stm32f4xx_iwdg.c...
compiling stm32f4xx_pwr.c...
compiling stm32f4xx_rcc.c...
compiling stm32f4xx_rng.c...
compiling stm32f4xx_rtc.c...
compiling stm32f4xx_sdio.c...
compiling stm32f4xx_spi.c...
compiling stm32f4xx_syscfg.c...
compiling stm32f4xx_tim.c...
compiling stm32f4xx_usart.c...
compiling stm32f4xx_wwdg.c...
compiling stm32f4_discovery_lis302dl.c...
LIS302DL\stm32f4_discovery_lis302dl.c(484): warning:  #940-D: missing return statement at end of non-void function "LIS302DL_TIMEOUT_UserCallback"
compiling lis3dsh.c...
LIS3DSH\lis3dsh.c(316): warning:  #1035-D: single-precision operand implicitly converted to double-precision
LIS3DSH\lis3dsh.c(326): warning:  #1035-D: single-precision operand implicitly converted to double-precision
LIS3DSH\lis3dsh.c(336): warning:  #1035-D: single-precision operand implicitly converted to double-precision
LIS3DSH\lis3dsh.c(346): warning:  #1035-D: single-precision operand implicitly converted to double-precision
LIS3DSH\lis3dsh.c(356): warning:  #1035-D: single-precision operand implicitly converted to double-precision
linking...
Program Size: Code=13288 RO-data=828 RW-data=100 ZI-data=1236  
".\obj\Lab3.axf" - 0 Error(s), 6 Warning(s).
Load "P:\\lab3\\Lab3\\obj\\Lab3.axf" 
Erase Done.
Programming Done.
Verify OK.
Build target 'Lab3'
compiling main.c...
linking...
Program Size: Code=12984 RO-data=828 RW-data=96 ZI-data=1200  
".\obj\Lab3.axf" - 0 Error(s), 0 Warning(s).
Load "P:\\lab3\\Lab3\\obj\\Lab3.axf" 
Erase Done.
Programming Done.
Verify OK.
Build target 'Lab3'
compiling main.c...
linking...
Program Size: Code=13016 RO-data=828 RW-data=96 ZI-data=1200  
".\obj\Lab3.axf" - 0 Error(s), 0 Warning(s).
Load "P:\\lab3\\Lab3\\obj\\Lab3.axf" 
Erase Done.
Programming Done.
Verify OK.
Build target 'Lab3'
compiling main.c...
linking...
Program Size: Code=13140 RO-data=828 RW-data=96 ZI-data=1200  
".\obj\Lab3.axf" - 0 Error(s), 0 Warning(s).
Build target 'Lab3'
linking...
Program Size: Code=13140 RO-data=828 RW-data=96 ZI-data=1200  
".\obj\Lab3.axf" - 0 Error(s), 0 Warning(s).
Load "P:\\lab3\\Lab3\\obj\\Lab3.axf" 
Erase Done.
Programming Done.
Verify OK.
Build target 'Lab3'
compiling main.c...
linking...
Program Size: Code=13444 RO-data=828 RW-data=100 ZI-data=1236  
".\obj\Lab3.axf" - 0 Error(s), 0 Warning(s).
Load "P:\\lab3\\Lab3\\obj\\Lab3.axf" 
Erase Done.
Programming Done.
Verify OK.
Build target 'Lab3'
compiling main.c...
linking...
Program Size: Code=13440 RO-data=828 RW-data=100 ZI-data=1236  
".\obj\Lab3.axf" - 0 Error(s), 0 Warning(s).
Load "P:\\lab3\\Lab3\\obj\\Lab3.axf" 
Erase Done.
Programming Done.
Verify OK.
