<html>
<body>
<pre>
<h1>µVision Build Log</h1>
<h2>Project:</h2>
C:\Users\LPL-PC\Documents\micro_labs\lab1\lab1.uvproj
Project File Date:  01/21/2014

<h2>Output:</h2>
Build target 'Targit'
compiling main.c...
main.c(64): warning:  #111-D: statement is unreachable
                return x;
main.c: 1 warning, 0 errors
linking...
Program Size: Code=7150 RO-data=438 RW-data=16 ZI-data=1888  
".\lab1.axf" - 0 Error(s), 1 Warning(s).
</pre>
</body>
</html>
ab1.axf" - 0 Error(s), 1 Warning(s).
: 3 warnings, 0 errors
linking...
Program Size: Code=3868 RO-data=408 RW-data=0 ZI-data=1632  
".\lab1.axf" - 0 Error(s), 3 Warning(s).
   int temp2;
main.c: 4 warnings, 0 errors
linking...
Program Size: Code=3836 RO-data=408 RW-data=0 ZI-data=1632  
".\lab1.axf" - 0 Error(s), 4 Warning(s).

s declared but never referenced
        int temp2;
main.c: 6 warnings, 0 errors
linking...
Program Size: Code=7066 RO-data=438 RW-data=16 ZI-data=1888  
".\lab1.axf" - 0 Error(s), 6 Warning(s).
 #177-D: variable "temp2" was declared but never referenced
        int temp2;
main.c: 6 warnings, 2 errors
".\lab1.axf" - 2 Error(s), 6 Warning(s).
Target not created
